[www.sobatbangun.com/index.html]
[backblue.gif]
[fade.gif]
[index.html]
[www.sobatbangun.com/o/sobatbangun-theme/images/favicon.ico]
[www.sobatbangun.com/in]
[www.sobatbangun.com/in/home.html]
[www.sobatbangun.com/en]
[www.sobatbangun.com/en/home.html]
[www.sobatbangun.com/o/js_loader_modulesd5c4]
[www.sobatbangun.com/o/frontend-js-web/everything0bf1.jsp]
[www.sobatbangun.com/o/js_bundle_config3221]
[www.sobatbangun.com/combo3faf]
[www.sobatbangun.com/o/sobatbangun-theme/images/logo-color.png]
[www.sobatbangun.com/en/our-service]
[www.sobatbangun.com/en/renovation.html]
[www.sobatbangun.com/en/buy-design.html]
[www.sobatbangun.com/en/add-on.html]
[www.sobatbangun.com/en/belimaterial.html]
[www.sobatbangun.com/en/blog.html]
[www.sobatbangun.com/en/login.html]
[www.sobatbangun.com/en/registration.html]
[www.sobatbangun.com/documents/33314/741139/Banner-Beli-Desain-min.jpg/Banner-Beli-Desain-min16ef.jpg]
[www.sobatbangun.com/documents/33314/741139/Banner-Renovation-min.jpg/Banner-Renovation-min39cc.jpg]
[www.sobatbangun.com/documents/33314/741139/Banner-Add-On-min.jpg/Banner-Add-On-minb05e.jpg]
[www.sobatbangun.com/en/protocol-covid-19.html]
[www.sobatbangun.com/documents/33314/33470/USP-New-05-rev-min.jpeg/USP-New-05-rev-min1c63.jpeg]
[www.sobatbangun.com/documents/33314/33470/USP-New-01-min.jpg/USP-New-01-min68b6.jpg]
[www.sobatbangun.com/documents/33314/33470/USP-New-04-min.jpg/USP-New-04-min5083.jpg]
[www.sobatbangun.com/documents/33314/33470/USP-New-03-min.jpg/USP-New-03-min4d18.jpg]
[www.sobatbangun.com/documents/33314/33470/USP-New-02-min.jpg/USP-New-02-min98e4.jpg]
[www.sobatbangun.com/documents/33314/33470/homepage-kontraktor-bangunrumah.png/homepage-kontraktor-bangunrumah821a.png]
[www.sobatbangun.com/documents/33314/33470/homepage-safepayment-bangunrumah.png/homepage-safepayment-bangunrumahc129.png]
[www.sobatbangun.com/documents/33314/2751019/homepage-watching-bangunrumah.png/homepage-watching-bangunrumah901e.png]
[www.sobatbangun.com/documents/33314/2751019/article-min.jpg/article-min026f.jpg]
[www.sobatbangun.com/documents/33314/33470/Banner-Dekoruma-min.jpg/Banner-Dekoruma-minc8a8.jpg]
[www.sobatbangun.com/documents/33314/A1 - Mengapa Bahan Bangunan Harus Berkualitas.jpg]
[www.sobatbangun.com/en/-/mengapa-bahan-bangunan-harus-berkualitas-.html]
[www.sobatbangun.com/documents/33314/A5 - 10 Kesalahan Umum Saat Renovasi Rumah.jpg]
[www.sobatbangun.com/en/-/10-kesalahan-umum-saat-renovasi-rumah.html]
[www.sobatbangun.com/documents/33314/A11 - Renovasi Sendiri Atau Pakai Kontraktor.jpg]
[www.sobatbangun.com/en/-/renovasi-sendiri-atau-pakai-kontraktor-.html]
[www.sobatbangun.com/documents/33314/55289/B9+-+10+Alasan+Membangun+Custom+Home.jpg/B9 - 10 Alasan Membangun Custom Home400c.jpg]
[www.sobatbangun.com/en/-/10-alasan-membangun-custom-home.html]
[www.sobatbangun.com/documents/33314/55289/B8+-+5+Tren+Membangun+Rumah+Terkini.jpg/B8 - 5 Tren Membangun Rumah Terkini52eb.jpg]
[www.sobatbangun.com/en/-/5-tren-membangun-rumah-terkini.html]
[www.sobatbangun.com/documents/33314/55289/B7+-+15+Tekstur+Tembok+Untuk+Menambah+Karakter+Rumahmu.jpg/B7 - 15 Tekstur Tembok Untuk Menambah Karakter Rumahmu97df.jpg]
[www.sobatbangun.com/en/-/15-tekstur-tembok-untuk-menambah-karakter-rumahmu.html]
[www.sobatbangun.com/o/sobatbangun-theme/images/logo.png]
[www.sobatbangun.com/en/architect-registration.html]
[www.sobatbangun.com/en/faq.html]
[www.sobatbangun.com/o/sobatbangun-theme/js/owl.carousel.min.js]
[www.sobatbangun.com/o/sobatbangun-theme/js/TweenMax.min.js]
[www.sobatbangun.com/o/sobatbangun-theme/js/viewportchecker.min.js]
[www.sobatbangun.com/o/sobatbangun-theme/js/jquery.fancybox.min.js]
[www.sobatbangun.com/o/sobatbangun-theme/js/before-after.min.js]
[www.sobatbangun.com/o/sobatbangun-theme/images/icons/icon_hide.png]
[www.sobatbangun.com/o/sobatbangun-theme/images/icons/icon_show.png]
[www.sobatbangun.com/index.html]
[www.sobatbangun.com/o/mentions-web/css/mentions.css]
[www.sobatbangun.com/o/dynamic-data-mapping-form-renderer/css/main.css]
[www.sobatbangun.com/in/our-service]
[www.sobatbangun.com/in/renovation.html]
[www.sobatbangun.com/in/buy-design.html]
[www.sobatbangun.com/in/add-on.html]
[www.sobatbangun.com/in/belimaterial.html]
[www.sobatbangun.com/in/blog.html]
[www.sobatbangun.com/protocol-covid-19.html]
[www.sobatbangun.com/in/-/mengapa-bahan-bangunan-harus-berkualitas-.html]
[www.sobatbangun.com/in/-/10-kesalahan-umum-saat-renovasi-rumah.html]
[www.sobatbangun.com/in/-/renovasi-sendiri-atau-pakai-kontraktor-.html]
[www.sobatbangun.com/in/-/10-alasan-membangun-custom-home.html]
[www.sobatbangun.com/in/-/5-tren-membangun-rumah-terkini.html]
[www.sobatbangun.com/in/home.html]
[www.sobatbangun.com/in/-/15-tekstur-tembok-untuk-menambah-karakter-rumahmu.html]
[www.sobatbangun.com/o/frontend-js-web/everything88a1.jsp]
[www.sobatbangun.com/combo813f]
[www.sobatbangun.com/en/our-service]
[www.sobatbangun.com/en/our-service]
[www.sobatbangun.com/en/home.html]
[www.sobatbangun.com/o/sobatbangun-theme/css/aui/lexicon/fonts/alloy-font-awesome/font/fontawesome-alloy.eot]
[www.sobatbangun.com/o/sobatbangun-theme/css/aui/lexicon/fonts/alloy-font-awesome/font/fontawesome-alloyd41d.eot]
[www.sobatbangun.com/o/sobatbangun-theme/css/aui/lexicon/fonts/alloy-font-awesome/font/fontawesome-alloy.woff]
[www.sobatbangun.com/o/sobatbangun-theme/css/aui/lexicon/fonts/alloy-font-awesome/font/fontawesome-alloy.ttf]
[www.sobatbangun.com/o/sobatbangun-theme/css/aui/lexicon/fonts/glyphicons-halflings-regular.eot]
[www.sobatbangun.com/o/sobatbangun-theme/css/aui/lexicon/fonts/glyphicons-halflings-regulard41d.eot]
[www.sobatbangun.com/o/sobatbangun-theme/css/aui/lexicon/fonts/glyphicons-halflings-regular.woff2]
[www.sobatbangun.com/o/sobatbangun-theme/css/aui/lexicon/fonts/glyphicons-halflings-regular.woff]
[www.sobatbangun.com/o/sobatbangun-theme/css/aui/lexicon/fonts/glyphicons-halflings-regular.ttf]
[www.sobatbangun.com/o/sobatbangun-theme/images/aui/loading_indicator.gif]
[www.sobatbangun.com/o/sobatbangun-theme/css/aui70e2.css]
[www.sobatbangun.com/o/sobatbangun-theme/images/aui/common/state_default_bg.png]
[www.sobatbangun.com/o/sobatbangun-theme/images/aui/common/state_hover_bg.png]
[www.sobatbangun.com/o/sobatbangun-theme/images/aui/common/state_active_bg.png]
[www.sobatbangun.com/o/sobatbangun-theme/images/aui/common/state_selected_hover.png]
[www.sobatbangun.com/o/sobatbangun-theme/images/aui/icon-button.png]
[www.sobatbangun.com/o/sobatbangun-theme/images/aui/icon-checkbox.png]
[www.sobatbangun.com/o/sobatbangun-theme/images/aui/icon-date.png]
[www.sobatbangun.com/o/sobatbangun-theme/images/aui/icon-decimal.png]
[www.sobatbangun.com/o/sobatbangun-theme/images/aui/icon-default.png]
[www.sobatbangun.com/o/sobatbangun-theme/images/aui/icon-document.png]
[www.sobatbangun.com/o/sobatbangun-theme/images/aui/icon-fieldset.png]
[www.sobatbangun.com/o/sobatbangun-theme/images/aui/icon-fileupload.png]
[www.sobatbangun.com/o/sobatbangun-theme/images/aui/icon-integer.png]
[www.sobatbangun.com/o/sobatbangun-theme/images/aui/icon-number.png]
[www.sobatbangun.com/o/sobatbangun-theme/images/aui/icon-paragraph.png]
[www.sobatbangun.com/o/sobatbangun-theme/images/aui/icon-password.png]
[www.sobatbangun.com/o/sobatbangun-theme/images/aui/icon-radio.png]
[www.sobatbangun.com/o/sobatbangun-theme/images/aui/icon-select.png]
[www.sobatbangun.com/o/sobatbangun-theme/images/aui/icon-separator.png]
[www.sobatbangun.com/o/sobatbangun-theme/images/aui/icon-text.png]
[www.sobatbangun.com/o/sobatbangun-theme/images/aui/icon-textarea.png]
[www.sobatbangun.com/o/sobatbangun-theme/images/aui/picker_bg.png]
[www.sobatbangun.com/o/sobatbangun-theme/images/aui/color_indic.png]
[www.sobatbangun.com/o/sobatbangun-theme/images/aui/hue.png]
[www.sobatbangun.com/o/sobatbangun-theme/images/aui/select.png]
[www.sobatbangun.com/o/sobatbangun-theme/images/emoticons/happy_new_content.gif]
[www.sobatbangun.com/o/sobatbangun-theme/images/emoticons/happy_new_content_right.gif]
[www.sobatbangun.com/o/sobatbangun-theme/images/emoticons/sad_search_results.gif]
[www.sobatbangun.com/o/frontend-css-web/maindf75.css]
[www.sobatbangun.com/combo3f2f.css]
[www.sobatbangun.com/o/sobatbangun-theme/images/application/handle_sort_vertical.png]
[www.sobatbangun.com/o/sobatbangun-theme/images/common/openid.gif]
[www.sobatbangun.com/o/sobatbangun-theme/images/application/panel_header_toggler_close.png]
[www.sobatbangun.com/o/sobatbangun-theme/images/arrows/05_down.png]
[www.sobatbangun.com/o/sobatbangun-theme/images/arrows/05_right.png]
[www.sobatbangun.com/o/sobatbangun-theme/images/application/panel_header_toggler_open.png]
[www.sobatbangun.com/o/sobatbangun-theme/images/application/panel_header.png]
[www.sobatbangun.com/o/sobatbangun-theme/images/application/current_page_hover_bg.png]
[www.sobatbangun.com/o/sobatbangun-theme/images/application/current_page_bg.png]
[www.sobatbangun.com/o/sobatbangun-theme/images/common/checkerboard.png]
[www.sobatbangun.com/o/sobatbangun-theme/images/document_library/preview_left.png]
[www.sobatbangun.com/o/sobatbangun-theme/images/document_library/preview_right.png]
[www.sobatbangun.com/o/sobatbangun-theme/images/document_library/preview_zoom.png]
[www.sobatbangun.com/o/sobatbangun-theme/images/common/add.png]
[www.sobatbangun.com/o/sobatbangun-theme/images/common/remove.png]
[www.sobatbangun.com/o/sobatbangun-theme/images/common/close.png]
[www.sobatbangun.com/o/sobatbangun-theme/images/messages/error.png]
[www.sobatbangun.com/o/sobatbangun-theme/images/application/layouts.png]
[www.sobatbangun.com/o/sobatbangun-theme/images/calendar/event_indicator.png]
[www.sobatbangun.com/o/sobatbangun-theme/images/calendar/event_indicator_current.png]
[www.sobatbangun.com/o/sobatbangun-theme/images/diff/minus.png]
[www.sobatbangun.com/o/sobatbangun-theme/images/diff/plus.png]
[www.sobatbangun.com/o/sobatbangun-theme/images/diff/underline.png]
[www.sobatbangun.com/o/sobatbangun-theme/images/application/forbidden_action.png]
[www.sobatbangun.com/o/sobatbangun-theme/images/common/edit_white.png]
[www.sobatbangun.com/o/sobatbangun-theme/images/message_boards/quoteleft.png]
[www.sobatbangun.com/o/sobatbangun-theme/images/message_boards/quoteright.png]
[www.sobatbangun.com/o/sobatbangun-theme/images/application/menu_bg.png]
[www.sobatbangun.com/o/sobatbangun-theme/images/application/paginator_link_current_bg.png]
[www.sobatbangun.com/o/sobatbangun-theme/images/arrows/paging_first.png]
[www.sobatbangun.com/o/sobatbangun-theme/images/arrows/paging_previous.png]
[www.sobatbangun.com/o/sobatbangun-theme/images/arrows/paging_last.png]
[www.sobatbangun.com/o/sobatbangun-theme/images/arrows/paging_next.png]
[www.sobatbangun.com/o/sobatbangun-theme/images/application/panel_header_bg.png]
[www.sobatbangun.com/o/sobatbangun-theme/images/common/message_panel_shadow.png]
[www.sobatbangun.com/o/sobatbangun-theme/images/arrows/04_right.png]
[www.sobatbangun.com/o/sobatbangun-theme/images/application/button_bg.png]
[www.sobatbangun.com/o/sobatbangun-theme/images/application/button_bg_over.png]
[www.sobatbangun.com/o/sobatbangun-theme/images/application/button_bg_selected.png]
[www.sobatbangun.com/o/sobatbangun-theme/images/application/button_bg_selected_over.png]
[www.sobatbangun.com/o/sobatbangun-theme/images/common/configuration.png]
[www.sobatbangun.com/o/sobatbangun-theme/images/common/check.png]
[www.sobatbangun.com/o/sobatbangun-theme/images/arrows/12_left.png]
[www.sobatbangun.com/o/sobatbangun-theme/images/messages/alert.png]
[www.sobatbangun.com/o/sobatbangun-theme/images/messages/info.png]
[www.sobatbangun.com/o/sobatbangun-theme/images/portlet/help.png]
[www.sobatbangun.com/o/sobatbangun-theme/images/messages/success.png]
[www.sobatbangun.com/o/sobatbangun-theme/images/portlet/close_borderless.png]
[www.sobatbangun.com/o/sobatbangun-theme/images/common/time.png]
[www.sobatbangun.com/o/sobatbangun-theme/images/arrows/07_down.png]
[www.sobatbangun.com/o/sobatbangun-theme/plugins/jquery-ui-1.12.1/img/ui-icons_444444_256x240.png]
[www.sobatbangun.com/o/sobatbangun-theme/plugins/jquery-ui-1.12.1/img/ui-icons_555555_256x240.png]
[www.sobatbangun.com/o/sobatbangun-theme/plugins/jquery-ui-1.12.1/img/ui-icons_ffffff_256x240.png]
[www.sobatbangun.com/o/sobatbangun-theme/plugins/jquery-ui-1.12.1/img/ui-icons_777620_256x240.png]
[www.sobatbangun.com/o/sobatbangun-theme/plugins/jquery-ui-1.12.1/img/ui-icons_cc0000_256x240.png]
[www.sobatbangun.com/o/sobatbangun-theme/plugins/jquery-ui-1.12.1/img/ui-icons_777777_256x240.png]
[www.sobatbangun.com/o/sobatbangun-theme/css/ajax-loader.gif]
[www.sobatbangun.com/o/sobatbangun-theme/css/fonts/slick.eot]
[www.sobatbangun.com/o/sobatbangun-theme/css/fonts/slickd41d.eot]
[www.sobatbangun.com/o/sobatbangun-theme/css/fonts/slick.woff]
[www.sobatbangun.com/o/sobatbangun-theme/css/fonts/slick.ttf]
[www.sobatbangun.com/o/sobatbangun-theme/css/fonts/slick.svg]
[www.sobatbangun.com/o/sobatbangun-theme/fonts/montserrat/Montserrat-Light.eot]
[www.sobatbangun.com/o/sobatbangun-theme/fonts/montserrat/Montserrat-Lightd41d.eot]
[www.sobatbangun.com/o/sobatbangun-theme/fonts/montserrat/Montserrat-Light.woff]
[www.sobatbangun.com/o/sobatbangun-theme/fonts/montserrat/Montserrat-Light.ttf]
[www.sobatbangun.com/o/sobatbangun-theme/fonts/montserrat/Montserrat-Light.svg]
[www.sobatbangun.com/o/sobatbangun-theme/fonts/montserrat/Montserrat-SemiBold.eot]
[www.sobatbangun.com/o/sobatbangun-theme/fonts/montserrat/Montserrat-SemiBoldd41d.eot]
[www.sobatbangun.com/o/sobatbangun-theme/fonts/montserrat/Montserrat-SemiBold.woff]
[www.sobatbangun.com/o/sobatbangun-theme/fonts/montserrat/Montserrat-SemiBold.ttf]
[www.sobatbangun.com/o/sobatbangun-theme/fonts/montserrat/Montserrat-SemiBold.svg]
[www.sobatbangun.com/o/sobatbangun-theme/fonts/museo/Museo-100.eot]
[www.sobatbangun.com/o/sobatbangun-theme/fonts/museo/Museo-100d41d.eot]
[www.sobatbangun.com/o/sobatbangun-theme/fonts/museo/Museo-100.woff]
[www.sobatbangun.com/o/sobatbangun-theme/fonts/museo/Museo-100.ttf]
[www.sobatbangun.com/o/sobatbangun-theme/fonts/museo/Museo-100.svg]
[www.sobatbangun.com/o/sobatbangun-theme/fonts/museo/Museo-300.eot]
[www.sobatbangun.com/o/sobatbangun-theme/fonts/museo/Museo-300d41d.eot]
[www.sobatbangun.com/o/sobatbangun-theme/fonts/museo/Museo-300.woff]
[www.sobatbangun.com/o/sobatbangun-theme/fonts/museo/Museo-300.ttf]
[www.sobatbangun.com/o/sobatbangun-theme/fonts/museo/Museo-300.svg]
[www.sobatbangun.com/o/sobatbangun-theme/fonts/museo/Museo-500.eot]
[www.sobatbangun.com/o/sobatbangun-theme/fonts/museo/Museo-500d41d.eot]
[www.sobatbangun.com/o/sobatbangun-theme/fonts/museo/Museo-500.woff]
[www.sobatbangun.com/o/sobatbangun-theme/fonts/museo/Museo-500.ttf]
[www.sobatbangun.com/o/sobatbangun-theme/fonts/museo/Museo-500.svg]
[www.sobatbangun.com/o/sobatbangun-theme/fonts/museo/MuseoSans-100.eot]
[www.sobatbangun.com/o/sobatbangun-theme/fonts/museo/MuseoSans-100d41d.eot]
[www.sobatbangun.com/o/sobatbangun-theme/fonts/museo/MuseoSans-100.woff]
[www.sobatbangun.com/o/sobatbangun-theme/fonts/museo/MuseoSans-100.ttf]
[www.sobatbangun.com/o/sobatbangun-theme/fonts/museo/MuseoSans-100.svg]
[www.sobatbangun.com/o/sobatbangun-theme/fonts/museo/MuseoSans-300.eot]
[www.sobatbangun.com/o/sobatbangun-theme/fonts/museo/MuseoSans-300d41d.eot]
[www.sobatbangun.com/o/sobatbangun-theme/fonts/museo/MuseoSans-300.woff]
[www.sobatbangun.com/o/sobatbangun-theme/fonts/museo/MuseoSans-300.ttf]
[www.sobatbangun.com/o/sobatbangun-theme/fonts/museo/MuseoSans-300.svg]
[www.sobatbangun.com/o/sobatbangun-theme/fonts/museo/MuseoSans-500.eot]
[www.sobatbangun.com/o/sobatbangun-theme/fonts/museo/MuseoSans-500d41d.eot]
[www.sobatbangun.com/o/sobatbangun-theme/fonts/museo/MuseoSans-500.woff]
[www.sobatbangun.com/o/sobatbangun-theme/fonts/museo/MuseoSans-500.ttf]
[www.sobatbangun.com/o/sobatbangun-theme/fonts/museo/MuseoSans-500.svg]
[www.sobatbangun.com/o/sobatbangun-theme/fonts/museo/MuseoSans-700.eot]
[www.sobatbangun.com/o/sobatbangun-theme/fonts/museo/MuseoSans-700d41d.eot]
[www.sobatbangun.com/o/sobatbangun-theme/fonts/museo/MuseoSans-700.woff]
[www.sobatbangun.com/o/sobatbangun-theme/fonts/museo/MuseoSans-700.ttf]
[www.sobatbangun.com/o/sobatbangun-theme/fonts/museo/MuseoSans-700.svg]
[www.sobatbangun.com/o/sobatbangun-theme/images/bg_rectangle-dark.jpg]
[www.sobatbangun.com/o/sobatbangun-theme/images/bg_builder_landing.jpg]
[www.sobatbangun.com/o/sobatbangun-theme/images/position/pemilik.png]
[www.sobatbangun.com/o/sobatbangun-theme/images/position/ic_red_kontraktor.png]
[www.sobatbangun.com/o/sobatbangun-theme/images/position/ic_red_tukang.png]
[www.sobatbangun.com/o/sobatbangun-theme/images/position/ic_red_pemilik-rumah.png]
[www.sobatbangun.com/o/sobatbangun-theme/images/position/pemilik-white.png]
[www.sobatbangun.com/o/sobatbangun-theme/images/icons/ic_chevron_down_dark2.png]
[www.sobatbangun.com/o/sobatbangun-theme/css/main70e2.css]
[www.sobatbangun.com/comboae18.css]
[www.sobatbangun.com/en/our-service]
[www.sobatbangun.com/en/our-service]
[www.sobatbangun.com/en/renovation-type]
[www.sobatbangun.com/en/loginbb9f.html]
[www.sobatbangun.com/documents/33314/33482/50x50-03-min.png/50x50-03-minf4d6.png]
[www.sobatbangun.com/documents/33314/33482/50x50-02-min.png/50x50-02-min4ed1.png]
[www.sobatbangun.com/documents/33314/33482/50x50-01-min.png/50x50-01-mind7f8.png]
[www.sobatbangun.com/documents/33314/33482/50x50-32-min.png/50x50-32-min5da1.png]
[www.sobatbangun.com/documents/33314/33482/50x50-33-min.png/50x50-33-min0b9d.png]
[www.sobatbangun.com/documents/33314/33482/50x50-09-min.png/50x50-09-min4baf.png]
[www.sobatbangun.com/en/renovation.html]
[www.sobatbangun.com/en/our-service]
[www.sobatbangun.com/en/our-service]
[www.sobatbangun.com/en/browse-home.html]
[www.sobatbangun.com/documents/33314/33482/50x50-05-min.png/50x50-05-min8e5f.png]
[www.sobatbangun.com/documents/33314/33482/50x50-04-min.png/50x50-04-minc069.png]
[www.sobatbangun.com/documents/33314/33482/rumah_tumbuh_50x50.jpeg/rumah_tumbuh_50x500fe0.jpeg]
[www.sobatbangun.com/en/buy-design.html]
[www.sobatbangun.com/en/our-service]
[www.sobatbangun.com/en/our-service]
[www.sobatbangun.com/documents/33314/2750715/Banner-Add-On-Clean-min.jpg/Banner-Add-On-Clean-minc89f.jpg]
[www.sobatbangun.com/documents/33314/2750715/ic_solarpanel-min.jpg/ic_solarpanel-mine9ad.jpg]
[www.sobatbangun.com/en/solar-panel.html]
[www.sobatbangun.com/documents/33314/2750715/ic_smartlight-min.jpg/ic_smartlight-mind2a8.jpg]
[www.sobatbangun.com/documents/33314/2750715/ic_smartsecurity-min.jpg/ic_smartsecurity-min01b2.jpg]
[www.sobatbangun.com/documents/33314/55289/B6+-+6+Tipe+Lampu+Untuk+Rumahmu.jpg/B6 - 6 Tipe Lampu Untuk Rumahmuda62.jpg]
[www.sobatbangun.com/documents/33314/55289/B4+-+10+Tipe+Keramik+Untuk+Digunakan+Di+Rumah.jpg/B4 - 10 Tipe Keramik Untuk Digunakan Di Rumah5da4.jpg]
[www.sobatbangun.com/en/-/6-tipe-lampu-untuk-rumahmu.html]
[www.sobatbangun.com/en/-/10-tipe-keramik-untuk-digunakan-di-rumah.html]
[www.sobatbangun.com/documents/33314/55289/B3+-+8+Pertanyaan+Untuk+Ditanyakan+Kepada+Calon+Kontraktor.jpg/B3 - 8 Pertanyaan Untuk Ditanyakan Kepada Calon Kontraktor40c5.jpg]
[www.sobatbangun.com/en/-/03-09-2020.html]
[www.sobatbangun.com/documents/33314/B2 - Step by step membangun custom home.jpg]
[www.sobatbangun.com/en/add-on.html]
[www.sobatbangun.com/en/-/step-by-step-membangun-custom-home.html]
[www.sobatbangun.com/en/our-service]
[www.sobatbangun.com/en/our-service]
[www.sobatbangun.com/documents/33314/2750723/Bg_screen_material.jpg/Bg_screen_materiala417.jpg]
[www.sobatbangun.com/o/com.holcim.cp.buymaterial.web/js/jquery.dataTables.min.js]
[www.sobatbangun.com/en/belimaterialda0c]
[www.sobatbangun.com/en/belimaterial-detail7f97.html]
[www.sobatbangun.com/documents/33314/2674973/1_ProductMaterial_img_dynamix40.jpg]
[www.sobatbangun.com/en/belimaterial602b]
[www.sobatbangun.com/en/belimaterial-detail29d1.html]
[www.sobatbangun.com/documents/33314/2674973/2_ProductMaterial_img_gresik40.jpg]
[www.sobatbangun.com/en/belimaterial9f61]
[www.sobatbangun.com/en/belimaterial-detail0f41.html]
[www.sobatbangun.com/documents/33314/2674973/101_ProductMaterial_img_dynamix40.jpg]
[www.sobatbangun.com/en/belimaterial2bc8]
[www.sobatbangun.com/en/belimaterial-detail3ca9.html]
[www.sobatbangun.com/documents/33314/2674973/102_ProductMaterial_img_gresik40.jpg]
[www.sobatbangun.com/en/belimaterial.html]
[www.sobatbangun.com/en/our-service]
[www.sobatbangun.com/en/our-service]
[www.sobatbangun.com/documents/33314/55289/B1+-+Semua+Yang+Harus+Diketahui+Sebelum+Membangun+Custom+Home.jpg/B1 - Semua Yang Harus Diketahui Sebelum Membangun Custom Homefdd9.jpg]
[www.sobatbangun.com/en/-/semua-yang-harus-diketahui-sebelum-membangun-custom-home.html]
[www.sobatbangun.com/documents/33314/55289/A10+-+Perkiraan+Biaya+Renovasi+Ruang+Keluarga.jpg/A10 - Perkiraan Biaya Renovasi Ruang Keluarga0c67.jpg]
[www.sobatbangun.com/en/-/perkiraan-biaya-renovasi-ruang-keluarga.html]
[www.sobatbangun.com/documents/33314/A9 - Perkiraan Biaya Renovasi Dapur.jpg]
[www.sobatbangun.com/en/-/perkiraan-biaya-renovasi-dapur.html]
[www.sobatbangun.com/documents/33314/55289/A8+-+Semua+Yang+Harus+Diketahui+Sebelum+Renovasi+Kamar+Mandi.jpg/A8 - Semua Yang Harus Diketahui Sebelum Renovasi Kamar Mandif2cb.jpg]
[www.sobatbangun.com/en/-/semua-yang-harus-diketahui-sebelum-renovasi-kamar-mandi.html]
[www.sobatbangun.com/documents/33314/55289/A7+-+10+Tips+Untuk+Renovasi+Rumah+Hemat+Biaya.jpg/A7 - 10 Tips Untuk Renovasi Rumah Hemat Biayae0be.jpg]
[www.sobatbangun.com/en/-/10-tips-untuk-renovasi-rumah-hemat-biaya.html]
[www.sobatbangun.com/documents/33314/55289/A6+-+Semua+Yang+Perlu+Diketahui+Tentang+Lantai+Kayu.jpg/A6 - Semua Yang Perlu Diketahui Tentang Lantai Kayuc125.jpg]
[www.sobatbangun.com/en/-/semua-yang-perlu-diketahui-tentang-lantai-kayu.html]
[www.sobatbangun.com/documents/33314/55289/A4+-+Berapa+Lama+Waktu+Merenovasi+Rumah.jpg/A4 - Berapa Lama Waktu Merenovasi Rumah6575.jpg]
[www.sobatbangun.com/en/-/berapa-lama-waktu-merenovasi-rumah-.html]
[www.sobatbangun.com/documents/33314/55289/A3+-+Panduan+Pemula+Untuk+Izin+Renovasi+Rumah.jpg/A3 - Panduan Pemula Untuk Izin Renovasi Rumaha617.jpg]
[www.sobatbangun.com/en/-/panduan-pemula-untuk-izin-renovasi-rumah.html]
[www.sobatbangun.com/documents/33314/A2 - Mengapa Membangun Sesuai Regulasi Itu Penting.jpg]
[www.sobatbangun.com/en/-/mengapa-membangun-sesuai-regulasi-itu-penting.html]
[www.sobatbangun.com/documents/33314/Tips Rumah Ramah Lansia-min (1).jpg]
[www.sobatbangun.com/en/-/tips-rumah-ramah-lansia.html]
[www.sobatbangun.com/en/blog.html]
[www.sobatbangun.com/o/sobatbangun-login-theme/images/favicon.ico]
[www.sobatbangun.com/o/frontend-js-web/everything530d.jsp]
[www.sobatbangun.com/en/loginwww.sobatbangun.com]
[www.sobatbangun.com/en/login26da.html]
[www.sobatbangun.com/en/window.location.href]
[www.sobatbangun.com/o/sobatbangun-login-theme/js/main84cb.js]
[www.sobatbangun.com/o/sobatbangun-login-theme/js/viewportchecker.min.js]
[www.sobatbangun.com/o/sobatbangun-login-theme/js/parallax.min.js]
[www.sobatbangun.com/en/login.html]
[www.sobatbangun.com/o/pre.design.house.web/js/jquery.dataTables.min.js]
[www.sobatbangun.com/en/registrationwww.sobatbangun.com]
[www.sobatbangun.com/en/terms-condition.html]
[www.sobatbangun.com/en/kebijakan-privasi.html]
[www.sobatbangun.com/en/registration.html]
[www.sobatbangun.com/en/our-service]
[www.sobatbangun.com/o/com.holcim.cp.renovation.web/js/jquery.dataTables.min.js]
[www.sobatbangun.com/en/protocol-covid-194cf0]
[www.sobatbangun.com/documents/33314/2750433/Covid-01.jpg/Covid-016825.jpg]
[www.sobatbangun.com/documents/33314/2750433/Covid-02.jpg/Covid-02864d.jpg]
[www.sobatbangun.com/documents/33314/2750433/Covid-03.jpg/Covid-0365a6.jpg]
[www.sobatbangun.com/documents/33314/2750433/Covid-05.jpg/Covid-05f20e.jpg]
[www.sobatbangun.com/documents/33314/2750433/Covid-04.jpg/Covid-04e9ea.jpg]
[www.sobatbangun.com/documents/33314/2750433/Covid-06.jpg/Covid-06b913.jpg]
[www.sobatbangun.com/en/protocol-covid-19.html]
[www.sobatbangun.com/documents/33314/2751171/ic_renovasi.svg/ic_renovasi.svg]
[www.sobatbangun.com/documents/33314/2751171/ic_belidesain.svg/ic_belidesain.svg]
[www.sobatbangun.com/documents/33314/2751171/ic_furnish.svg/ic_furnish.svg]
[www.sobatbangun.com/documents/33314/2751171/ic_belimaterial.svg/ic_belimaterial.svg]
[www.sobatbangun.com/documents/33314/2751171/ic_bangunrumah.svg/ic_bangunrumah.svg]
[www.sobatbangun.com/documents/33314/2751171/ic_diy.svg/ic_diy.svg]
[www.sobatbangun.com/en/our-service]
[www.sobatbangun.com/en/our-service]
[www.sobatbangun.com/en/blog-detail/-/asset_publisher/99t4MkTPq9F0/index.html]
[www.sobatbangun.com/documents/33314/55289/A1+-+Mengapa+Bahan+Bangunan+Harus+Berkualitas.jpg/A1 - Mengapa Bahan Bangunan Harus Berkualitas3a5a.jpg]
[twitter.com/intent/tweet3cd0.html]
[www.sobatbangun.com/en/-/mengapa-bahan-bangunan-harus-berkualitas-.html]
[www.sobatbangun.com/en/our-service]
[www.sobatbangun.com/en/our-service]
[www.sobatbangun.com/documents/33314/55289/A5+-+10+Kesalahan+Umum+Saat+Renovasi+Rumah.jpg/A5 - 10 Kesalahan Umum Saat Renovasi Rumah49c9.jpg]
[twitter.com/intent/tweet43a2.html]
[www.sobatbangun.com/en/-/10-kesalahan-umum-saat-renovasi-rumah.html]
[www.sobatbangun.com/en/our-service]
[www.sobatbangun.com/en/our-service]
[www.sobatbangun.com/documents/33314/55289/A11+-+Renovasi+Sendiri+Atau+Pakai+Kontraktor.jpg/A11 - Renovasi Sendiri Atau Pakai Kontraktor751d.jpg]
[twitter.com/intent/tweetd659.html]
[www.sobatbangun.com/en/-/renovasi-sendiri-atau-pakai-kontraktor-.html]
[www.sobatbangun.com/en/our-service]
[www.sobatbangun.com/en/our-service]
[www.sobatbangun.com/documents/33314/55289/B9+-+10+Alasan+Membangun+Custom+Home.jpg/B9 - 10 Alasan Membangun Custom Homeafb8.jpg]
[twitter.com/intent/tweet37fe.html]
[www.sobatbangun.com/en/-/10-alasan-membangun-custom-home.html]
[www.sobatbangun.com/en/our-service]
[www.sobatbangun.com/en/our-service]
[www.sobatbangun.com/documents/33314/55289/B8+-+5+Tren+Membangun+Rumah+Terkini.jpg/B8 - 5 Tren Membangun Rumah Terkini18a6.jpg]
[twitter.com/intent/tweetab08.html]
[www.sobatbangun.com/en/-/5-tren-membangun-rumah-terkini.html]
[www.sobatbangun.com/en/our-service]
[www.sobatbangun.com/en/our-service]
[www.sobatbangun.com/documents/33314/55289/B7+-+15+Tekstur+Tembok+Untuk+Menambah+Karakter+Rumahmu.jpg/B7 - 15 Tekstur Tembok Untuk Menambah Karakter Rumahmu5afc.jpg]
[twitter.com/intent/tweet63fc.html]
[www.sobatbangun.com/en/-/15-tekstur-tembok-untuk-menambah-karakter-rumahmu.html]
[www.sobatbangun.com/en/our-service]
[www.sobatbangun.com/en/our-service]
[www.sobatbangun.com/o/pre.design.house.web/images/assets/arc_banner.jpg]
[www.sobatbangun.com/o/pre.design.house.web/images/no-image-available.png]
[www.sobatbangun.com/documents/33314/33482/BerkaryaUntukIndonesia.png/BerkaryaUntukIndonesia37ec.png]
[www.sobatbangun.com/documents/33314/33482/PromosiKeSeluruhNegri.png/PromosiKeSeluruhNegri61c9.png]
[www.sobatbangun.com/documents/33314/33482/AliranPendapatanTambahan.png/AliranPendapatanTambahanea40.png]
[www.sobatbangun.com/en/architect-registration.html]
[www.sobatbangun.com/en/our-service]
[www.sobatbangun.com/en/our-service]
[www.sobatbangun.com/en/faq.html]
[www.sobatbangun.com/o/sobatbangun-theme/js/mainf028.js]
[www.sobatbangun.com/in/renovation-type]
[www.sobatbangun.com/loginbb9f.html]
[www.sobatbangun.com/in/renovation.html]
[www.sobatbangun.com/in/browse-home.html]
[www.sobatbangun.com/in/buy-design.html]
[www.sobatbangun.com/in/solar-panel.html]
[www.sobatbangun.com/in/-/6-tipe-lampu-untuk-rumahmu.html]
[www.sobatbangun.com/in/-/10-tipe-keramik-untuk-digunakan-di-rumah.html]
[www.sobatbangun.com/in/-/03-09-2020.html]
[www.sobatbangun.com/in/add-on.html]
[www.sobatbangun.com/in/-/step-by-step-membangun-custom-home.html]
[www.sobatbangun.com/in/belimaterialda0c]
[www.sobatbangun.com/belimaterial-detail7f97.html]
[www.sobatbangun.com/in/belimaterial602b]
[www.sobatbangun.com/belimaterial-detail29d1.html]
[www.sobatbangun.com/in/belimaterial9f61]
[www.sobatbangun.com/belimaterial-detail0f41.html]
[www.sobatbangun.com/in/belimaterial2bc8]
[www.sobatbangun.com/belimaterial-detail3ca9.html]
[www.sobatbangun.com/in/belimaterial.html]
[www.sobatbangun.com/in/-/semua-yang-harus-diketahui-sebelum-membangun-custom-home.html]
[www.sobatbangun.com/in/-/perkiraan-biaya-renovasi-ruang-keluarga.html]
[www.sobatbangun.com/in/-/perkiraan-biaya-renovasi-dapur.html]
[www.sobatbangun.com/in/-/semua-yang-harus-diketahui-sebelum-renovasi-kamar-mandi.html]
[www.sobatbangun.com/in/-/10-tips-untuk-renovasi-rumah-hemat-biaya.html]
[www.sobatbangun.com/in/-/semua-yang-perlu-diketahui-tentang-lantai-kayu.html]
[www.sobatbangun.com/in/-/berapa-lama-waktu-merenovasi-rumah-.html]
[www.sobatbangun.com/in/-/panduan-pemula-untuk-izin-renovasi-rumah.html]
[www.sobatbangun.com/in/-/mengapa-membangun-sesuai-regulasi-itu-penting.html]
[www.sobatbangun.com/in/-/tips-rumah-ramah-lansia.html]
[www.sobatbangun.com/in/blog.html]
[www.sobatbangun.com/home.html]
[www.sobatbangun.com/protocol-covid-194cf0]
[www.sobatbangun.com/protocol-covid-19.html]
[www.sobatbangun.com/in/-/mengapa-bahan-bangunan-harus-berkualitas-.html]
[www.sobatbangun.com/in/-/10-kesalahan-umum-saat-renovasi-rumah.html]
[www.sobatbangun.com/in/blog-detail/-/asset_publisher/99t4MkTPq9F0/index.html]
[www.sobatbangun.com/in/-/renovasi-sendiri-atau-pakai-kontraktor-.html]
[www.sobatbangun.com/in/-/10-alasan-membangun-custom-home.html]
[www.sobatbangun.com/in/-/5-tren-membangun-rumah-terkini.html]
[www.sobatbangun.com/in/-/15-tekstur-tembok-untuk-menambah-karakter-rumahmu.html]
[www.sobatbangun.com/o/sobatbangun-theme/css/aui3ed1.css]
[www.sobatbangun.com/o/frontend-css-web/main47ca.css]
[www.sobatbangun.com/combo8648.css]
[www.sobatbangun.com/o/sobatbangun-theme/css/owl.video.play.png]
[www.sobatbangun.com/o/sobatbangun-theme/fonts/b5plain/TheSans-B5Plain.eot]
[www.sobatbangun.com/o/sobatbangun-theme/fonts/b5plain/TheSans-B5Plaind41d.eot]
[www.sobatbangun.com/o/sobatbangun-theme/fonts/b5plain/TheSans-B5Plain.woff2]
[www.sobatbangun.com/o/sobatbangun-theme/fonts/b5plain/TheSans-B5Plain.woff]
[www.sobatbangun.com/o/sobatbangun-theme/fonts/b5plain/TheSans-B5Plain.ttf]
[www.sobatbangun.com/o/sobatbangun-theme/fonts/b5plain/TheSans-B7Bold.eot]
[www.sobatbangun.com/o/sobatbangun-theme/fonts/b5plain/TheSans-B7Boldd41d.eot]
[www.sobatbangun.com/o/sobatbangun-theme/fonts/b5plain/TheSans-B7Bold.woff2]
[www.sobatbangun.com/o/sobatbangun-theme/fonts/b5plain/TheSans-B7Bold.woff]
[www.sobatbangun.com/o/sobatbangun-theme/fonts/b5plain/TheSans-B7Bold.ttf]
[www.sobatbangun.com/o/sobatbangun-theme/css/fontawesome-5.0.13/fonts/fa-brands-400.eot]
[www.sobatbangun.com/o/sobatbangun-theme/css/fontawesome-5.0.13/fonts/fa-brands-400d41d.eot]
[www.sobatbangun.com/o/sobatbangun-theme/css/fontawesome-5.0.13/fonts/fa-brands-400.woff2]
[www.sobatbangun.com/o/sobatbangun-theme/css/fontawesome-5.0.13/fonts/fa-brands-400.woff]
[www.sobatbangun.com/o/sobatbangun-theme/css/fontawesome-5.0.13/fonts/fa-brands-400.ttf]
[www.sobatbangun.com/o/sobatbangun-theme/css/fontawesome-5.0.13/fonts/fa-light-300.eot]
[www.sobatbangun.com/o/sobatbangun-theme/css/fontawesome-5.0.13/fonts/fa-light-300d41d.eot]
[www.sobatbangun.com/o/sobatbangun-theme/css/fontawesome-5.0.13/fonts/fa-light-300.woff2]
[www.sobatbangun.com/o/sobatbangun-theme/css/fontawesome-5.0.13/fonts/fa-light-300.woff]
[www.sobatbangun.com/o/sobatbangun-theme/css/fontawesome-5.0.13/fonts/fa-light-300.ttf]
[www.sobatbangun.com/o/sobatbangun-theme/css/fontawesome-5.0.13/fonts/fa-regular-400.eot]
[www.sobatbangun.com/o/sobatbangun-theme/css/fontawesome-5.0.13/fonts/fa-regular-400d41d.eot]
[www.sobatbangun.com/o/sobatbangun-theme/css/fontawesome-5.0.13/fonts/fa-regular-400.woff2]
[www.sobatbangun.com/o/sobatbangun-theme/css/fontawesome-5.0.13/fonts/fa-regular-400.woff]
[www.sobatbangun.com/o/sobatbangun-theme/css/fontawesome-5.0.13/fonts/fa-regular-400.ttf]
[www.sobatbangun.com/o/sobatbangun-theme/css/fontawesome-5.0.13/fonts/fa-solid-900.eot]
[www.sobatbangun.com/o/sobatbangun-theme/css/fontawesome-5.0.13/fonts/fa-solid-900d41d.eot]
[www.sobatbangun.com/o/sobatbangun-theme/css/fontawesome-5.0.13/fonts/fa-solid-900.woff2]
[www.sobatbangun.com/o/sobatbangun-theme/css/fontawesome-5.0.13/fonts/fa-solid-900.woff]
[www.sobatbangun.com/o/sobatbangun-theme/css/fontawesome-5.0.13/fonts/fa-solid-900.ttf]
[www.sobatbangun.com/o/sobatbangun-theme/plugins/fontawesome-5.5.0/webfonts/fa-brands-400.eot]
[www.sobatbangun.com/o/sobatbangun-theme/plugins/fontawesome-5.5.0/webfonts/fa-brands-400d41d.eot]
[www.sobatbangun.com/o/sobatbangun-theme/plugins/fontawesome-5.5.0/webfonts/fa-brands-400.woff2]
[www.sobatbangun.com/o/sobatbangun-theme/plugins/fontawesome-5.5.0/webfonts/fa-brands-400.woff]
[www.sobatbangun.com/o/sobatbangun-theme/plugins/fontawesome-5.5.0/webfonts/fa-brands-400.ttf]
[www.sobatbangun.com/o/sobatbangun-theme/plugins/fontawesome-5.5.0/webfonts/fa-light-300.eot]
[www.sobatbangun.com/o/sobatbangun-theme/plugins/fontawesome-5.5.0/webfonts/fa-light-300d41d.eot]
[www.sobatbangun.com/o/sobatbangun-theme/plugins/fontawesome-5.5.0/webfonts/fa-light-300.woff2]
[www.sobatbangun.com/o/sobatbangun-theme/plugins/fontawesome-5.5.0/webfonts/fa-light-300.woff]
[www.sobatbangun.com/o/sobatbangun-theme/plugins/fontawesome-5.5.0/webfonts/fa-light-300.ttf]
[www.sobatbangun.com/o/sobatbangun-theme/plugins/fontawesome-5.5.0/webfonts/fa-regular-400.eot]
[www.sobatbangun.com/o/sobatbangun-theme/plugins/fontawesome-5.5.0/webfonts/fa-regular-400d41d.eot]
[www.sobatbangun.com/o/sobatbangun-theme/plugins/fontawesome-5.5.0/webfonts/fa-regular-400.woff2]
[www.sobatbangun.com/o/sobatbangun-theme/plugins/fontawesome-5.5.0/webfonts/fa-regular-400.woff]
[www.sobatbangun.com/o/sobatbangun-theme/plugins/fontawesome-5.5.0/webfonts/fa-regular-400.ttf]
[www.sobatbangun.com/o/sobatbangun-theme/plugins/fontawesome-5.5.0/webfonts/fa-solid-900.eot]
[www.sobatbangun.com/o/sobatbangun-theme/plugins/fontawesome-5.5.0/webfonts/fa-solid-900d41d.eot]
[www.sobatbangun.com/o/sobatbangun-theme/plugins/fontawesome-5.5.0/webfonts/fa-solid-900.woff2]
[www.sobatbangun.com/o/sobatbangun-theme/plugins/fontawesome-5.5.0/webfonts/fa-solid-900.woff]
[www.sobatbangun.com/o/sobatbangun-theme/plugins/fontawesome-5.5.0/webfonts/fa-solid-900.ttf]
[www.sobatbangun.com/o/sobatbangun-theme/css/main3ed1.css]
[www.sobatbangun.com/combod537.css]
[www.sobatbangun.com/o/sobatbangun-theme/js/main84cb.js]
[www.sobatbangun.com/o/sobatbangun-theme/css/aui/lexicon/fonts/alloy-font-awesome/font/fontawesome-alloy.svg]
[www.sobatbangun.com/o/sobatbangun-theme/css/aui/lexicon/fonts/glyphicons-halflings-regular.svg]
[www.sobatbangun.com/o/sobatbangun-theme/css/owl.carousel.mind3f6.css]
[www.sobatbangun.com/o/sobatbangun-theme/css/owl.theme.default.mind3f6.css]
[www.sobatbangun.com/o/sobatbangun-theme/css/jquery.fancybox.mind3f6.css]
[www.sobatbangun.com/o/sobatbangun-theme/css/plugins/animate/animated3f6.css]
[www.sobatbangun.com/o/sobatbangun-theme/fonts/stylesheetd3f6.css]
[www.sobatbangun.com/o/sobatbangun-theme/css/fontawesome-5.0.13/fontawesome-all.mind3f6.css]
[www.sobatbangun.com/o/sobatbangun-theme/plugins/fontawesome-5.5.0/css/all.mind3f6.css]
[www.sobatbangun.com/o/sobatbangun-theme/plugins/jquery-ui-1.12.1/jquery-ui.mind3f6.css]
[www.sobatbangun.com/o/sobatbangun-theme/plugins/fancybox-3.3.5/jquery.fancybox.mind3f6.css]
[www.sobatbangun.com/o/sobatbangun-theme/plugins/animate-css-3.6.0/animate.mind3f6.css]
[www.sobatbangun.com/o/sobatbangun-theme/plugins/owl-carousel-2.2.1/owl.carouseld3f6.css]
[www.sobatbangun.com/o/sobatbangun-theme/plugins/owl-carousel-2.2.1/owl.theme.default.mind3f6.css]
[www.sobatbangun.com/o/sobatbangun-theme/css/plugins/before-after-js/before-after.mind3f6.css]
[www.sobatbangun.com/o/sobatbangun-theme/css/fonts/slick.html]
[www.sobatbangun.com/o/sobatbangun-theme/css/fonts/slickd41d.html]
[www.sobatbangun.com/o/sobatbangun-theme/css/fonts/slick-2.html]
[www.sobatbangun.com/o/sobatbangun-theme/css/fonts/slick-3.html]
[www.sobatbangun.com/o/sobatbangun-theme/css/fonts/slick-4.html]
[www.sobatbangun.com/o/sobatbangun-theme/fonts/montserrat/Montserrat-Light.html]
[www.sobatbangun.com/o/sobatbangun-theme/fonts/montserrat/Montserrat-Lightd41d.html]
[www.sobatbangun.com/o/sobatbangun-theme/fonts/montserrat/Montserrat-Light-2.html]
[www.sobatbangun.com/o/sobatbangun-theme/fonts/montserrat/Montserrat-Light-3.html]
[www.sobatbangun.com/o/sobatbangun-theme/fonts/montserrat/Montserrat-SemiBold.html]
[www.sobatbangun.com/o/sobatbangun-theme/fonts/montserrat/Montserrat-SemiBoldd41d.html]
[www.sobatbangun.com/o/sobatbangun-theme/fonts/montserrat/Montserrat-SemiBold-2.html]
[www.sobatbangun.com/o/sobatbangun-theme/fonts/montserrat/Montserrat-SemiBold-3.html]
[www.sobatbangun.com/o/sobatbangun-theme/fonts/museo/Museo-100.html]
[www.sobatbangun.com/o/sobatbangun-theme/fonts/museo/Museo-100d41d.html]
[www.sobatbangun.com/o/sobatbangun-theme/fonts/museo/Museo-101.html]
[www.sobatbangun.com/o/sobatbangun-theme/fonts/museo/Museo-102.html]
[www.sobatbangun.com/o/sobatbangun-theme/fonts/museo/Museo-300.html]
[www.sobatbangun.com/o/sobatbangun-theme/fonts/museo/Museo-300d41d.html]
[www.sobatbangun.com/o/sobatbangun-theme/fonts/museo/Museo-301.html]
[www.sobatbangun.com/o/sobatbangun-theme/fonts/museo/Museo-302.html]
[www.sobatbangun.com/o/sobatbangun-theme/fonts/museo/Museo-500.html]
[www.sobatbangun.com/o/sobatbangun-theme/fonts/museo/Museo-500d41d.html]
[www.sobatbangun.com/o/sobatbangun-theme/fonts/museo/Museo-501.html]
[www.sobatbangun.com/o/sobatbangun-theme/fonts/museo/Museo-502.html]
[www.sobatbangun.com/o/sobatbangun-theme/fonts/museo/MuseoSans-100.html]
[www.sobatbangun.com/o/sobatbangun-theme/fonts/museo/MuseoSans-100d41d.html]
[www.sobatbangun.com/o/sobatbangun-theme/fonts/museo/MuseoSans-101.html]
[www.sobatbangun.com/o/sobatbangun-theme/fonts/museo/MuseoSans-102.html]
[www.sobatbangun.com/o/sobatbangun-theme/fonts/museo/MuseoSans-300.html]
[www.sobatbangun.com/o/sobatbangun-theme/fonts/museo/MuseoSans-300d41d.html]
[www.sobatbangun.com/o/sobatbangun-theme/fonts/museo/MuseoSans-301.html]
[www.sobatbangun.com/o/sobatbangun-theme/fonts/museo/MuseoSans-302.html]
[www.sobatbangun.com/o/sobatbangun-theme/fonts/museo/MuseoSans-500.html]
[www.sobatbangun.com/o/sobatbangun-theme/fonts/museo/MuseoSans-500d41d.html]
[www.sobatbangun.com/o/sobatbangun-theme/fonts/museo/MuseoSans-501.html]
[www.sobatbangun.com/o/sobatbangun-theme/fonts/museo/MuseoSans-502.html]
[www.sobatbangun.com/o/sobatbangun-theme/fonts/museo/MuseoSans-700.html]
[www.sobatbangun.com/o/sobatbangun-theme/fonts/museo/MuseoSans-700d41d.html]
[www.sobatbangun.com/o/sobatbangun-theme/fonts/museo/MuseoSans-701.html]
[www.sobatbangun.com/o/sobatbangun-theme/fonts/museo/MuseoSans-702.html]
[www.sobatbangun.com/o/assets/img/sample/bg_rectangle-light-1.html]
[www.sobatbangun.com/o/assets/img/common/img_blur_header.html]
[www.sobatbangun.com/o/assets/img/common/bg_builder_landing.html]
[www.sobatbangun.com/o/assets/img/common/bg_rectangle-dark.html]
[www.sobatbangun.com/o/sobatbangun-theme/images/img_OTP.html]
[www.sobatbangun.com/o/sobatbangun-theme/images/img_blur_header.html]
[www.sobatbangun.com/o/sobatbangun-theme/images/img_ilustration_building.html]
[www.sobatbangun.com/o/sobatbangun-theme/images/img_ilustration_floor.html]
[www.sobatbangun.com/o/sobatbangun-theme/images/img_ilustration_bedroom.html]
[www.sobatbangun.com/o/sobatbangun-theme/images/icons/navigation/administration.svg]
[www.sobatbangun.com/o/sobatbangun-theme/images/icons/navigation/administration_hover.svg]
[www.sobatbangun.com/o/sobatbangun-theme/images/icons/navigation/info.svg]
[www.sobatbangun.com/o/sobatbangun-theme/images/icons/navigation/info_hover.svg]
[www.sobatbangun.com/o/sobatbangun-theme/images/icons/navigation/account.svg]
[www.sobatbangun.com/o/sobatbangun-theme/images/icons/navigation/account_hover.svg]
[www.sobatbangun.com/o/sobatbangun-theme/images/icons/navigation/email.svg]
[www.sobatbangun.com/o/sobatbangun-theme/images/icons/navigation/email_hover.svg]
[www.sobatbangun.com/o/sobatbangun-theme/images/icons/pinterest.html]
[www.sobatbangun.com/o/sobatbangun-theme/images/icons/tw.html]
[www.sobatbangun.com/o/sobatbangun-theme/images/icons/fb.html]
[www.sobatbangun.com/o/sobatbangun-theme/images/icons/ic_flag_ind.svg]
[www.sobatbangun.com/o/sobatbangun-theme/images/icons/ic_flag_eng.svg]
[www.sobatbangun.com/o/assets/img/home/img_contractor_main banner.html]
[www.sobatbangun.com/o/sobatbangun-theme/images/bg_rectangle-light-1.html]
[www.sobatbangun.com/o/sobatbangun-theme/images/checklist.svg]
[www.sobatbangun.com/o/assets/img/sobat-bangun/sb-banner.html]
[www.sobatbangun.com/combo28c9.css]
[www.sobatbangun.com/en/login1b19.html]
[www.sobatbangun.com/en/login1c7c.html]
[www.sobatbangun.com/en/loginbb9f.html]
[www.sobatbangun.com/comboe07c.css]
[www.sobatbangun.com/en/our-service]
[www.sobatbangun.com/en/our-service]
[www.sobatbangun.com/o/pre.design.house.web/js/ion.rangeSlider.min.js]
[www.sobatbangun.com/o/pre.design.house.web/images/icon/ic_chevron_down_dark2.png]
[www.sobatbangun.com/o/pre.design.house.web/images/icon/ic_landsize.png]
[www.sobatbangun.com/o/pre.design.house.web/images/icon/ic_buildsize.png]
[www.sobatbangun.com/o/pre.design.house.web/images/icon/ic_bedroom.jpg]
[www.sobatbangun.com/o/pre.design.house.web/images/icon/ic_bathroom.jpg]
[www.sobatbangun.com/o/pre.design.house.web/images/icon/ic_floor.jpg]
[www.sobatbangun.com/en/browse-home.html]
[www.sobatbangun.com/combo385b.css]
[www.sobatbangun.com/en/our-service]
[www.sobatbangun.com/en/our-service]
[www.sobatbangun.com/documents/33314/2750715/Main-Image-Solar-Panel-min.jpg/Main-Image-Solar-Panel-min817c.jpg]
[www.sobatbangun.com/documents/33314/33482/50x50.png/50x5087ac.png]
[www.sobatbangun.com/documents/33314/2750715/ic_asco-min.jpg/ic_asco-minc4aa.jpg]
[www.sobatbangun.com/documents/33314/2750715/ic_ineco-min.jpg/ic_ineco-min9771.jpg]
[www.sobatbangun.com/documents/33314/2750715/ic_adidaya-min.jpg/ic_adidaya-minddd7.jpg]
[www.sobatbangun.com/documents/33314/2750715/bg_solarpanel-min.jpg/bg_solarpanel-minbd0c.jpg]
[www.sobatbangun.com/en/solar-panel.html]
[www.sobatbangun.com/en/our-service]
[www.sobatbangun.com/en/our-service]
[www.sobatbangun.com/documents/33314/55289/B6+-+6+Tipe+Lampu+Untuk+Rumahmu.jpg/B6 - 6 Tipe Lampu Untuk Rumahmu4fe7.jpg]
[twitter.com/intent/tweetcfb9.html]
[www.sobatbangun.com/en/-/6-tipe-lampu-untuk-rumahmu.html]
[www.sobatbangun.com/en/our-service]
[www.sobatbangun.com/en/our-service]
[www.sobatbangun.com/documents/33314/55289/B4+-+10+Tipe+Keramik+Untuk+Digunakan+Di+Rumah.jpg/B4 - 10 Tipe Keramik Untuk Digunakan Di Rumah7cfc.jpg]
[twitter.com/intent/tweet079a.html]
[www.sobatbangun.com/en/-/10-tipe-keramik-untuk-digunakan-di-rumah.html]
[www.sobatbangun.com/en/our-service]
[www.sobatbangun.com/en/our-service]
[www.sobatbangun.com/documents/33314/55289/B3+-+8+Pertanyaan+Untuk+Ditanyakan+Kepada+Calon+Kontraktor.jpg/B3 - 8 Pertanyaan Untuk Ditanyakan Kepada Calon Kontraktorb259.jpg]
[twitter.com/intent/tweetf4fb.html]
[www.sobatbangun.com/en/-/03-09-2020.html]
[www.sobatbangun.com/en/our-service]
[www.sobatbangun.com/en/our-service]
[www.sobatbangun.com/documents/33314/55289/B2+-+Step+by+step+membangun+custom+home.jpg/B2 - Step by step membangun custom home6002.jpg]
[twitter.com/intent/tweet8161.html]
[www.sobatbangun.com/en/-/step-by-step-membangun-custom-home.html]
[www.sobatbangun.com/combo8e4b.css]
[www.sobatbangun.com/o/com.holcim.cp.buymaterial.web/images/sort_both.png]
[www.sobatbangun.com/o/com.holcim.cp.buymaterial.web/images/sort_asc.png]
[www.sobatbangun.com/o/com.holcim.cp.buymaterial.web/images/sort_desc.png]
[www.sobatbangun.com/o/com.holcim.cp.buymaterial.web/images/sort_asc_disabled.png]
[www.sobatbangun.com/o/com.holcim.cp.buymaterial.web/images/sort_desc_disabled.png]
[www.sobatbangun.com/o/com.holcim.cp.buymaterial.web/css/jquery.dataTables.min.css]
[www.sobatbangun.com/en/belimaterial-detailcfe7.html]
[www.sobatbangun.com/en/our-service]
[www.sobatbangun.com/en/our-service]
[www.sobatbangun.com/en/belimaterial-detail0e06]
[www.sobatbangun.com/en/belimaterial-detail7f97.html]
[www.sobatbangun.com/en/our-service]
[www.sobatbangun.com/en/our-service]
[www.sobatbangun.com/en/belimaterial-detail0e06]
[www.sobatbangun.com/en/belimaterial-detail29d1.html]
[www.sobatbangun.com/en/our-service]
[www.sobatbangun.com/en/our-service]
[www.sobatbangun.com/en/belimaterial-detail0e06]
[www.sobatbangun.com/en/belimaterial-detail0f41.html]
[www.sobatbangun.com/en/our-service]
[www.sobatbangun.com/en/our-service]
[www.sobatbangun.com/en/belimaterial-detail0e06]
[www.sobatbangun.com/en/belimaterial-detail3ca9.html]
[www.sobatbangun.com/combo3868.css]
[www.sobatbangun.com/en/our-service]
[www.sobatbangun.com/en/our-service]
[www.sobatbangun.com/documents/33314/55289/B1+-+Semua+Yang+Harus+Diketahui+Sebelum+Membangun+Custom+Home.jpg/B1 - Semua Yang Harus Diketahui Sebelum Membangun Custom Home2dd3.jpg]
[twitter.com/intent/tweet93e0.html]
[www.sobatbangun.com/en/-/semua-yang-harus-diketahui-sebelum-membangun-custom-home.html]
[www.sobatbangun.com/en/our-service]
[www.sobatbangun.com/en/our-service]
[www.sobatbangun.com/documents/33314/55289/A10+-+Perkiraan+Biaya+Renovasi+Ruang+Keluarga.jpg/A10 - Perkiraan Biaya Renovasi Ruang Keluarga4e06.jpg]
[twitter.com/intent/tweet2724.html]
[www.sobatbangun.com/en/-/perkiraan-biaya-renovasi-ruang-keluarga.html]
[www.sobatbangun.com/en/our-service]
[www.sobatbangun.com/en/our-service]
[www.sobatbangun.com/documents/33314/55289/A9+-+Perkiraan+Biaya+Renovasi+Dapur.jpg/A9 - Perkiraan Biaya Renovasi Dapurc514.jpg]
[twitter.com/intent/tweete1f8.html]
[www.sobatbangun.com/en/-/perkiraan-biaya-renovasi-dapur.html]
[www.sobatbangun.com/en/our-service]
[www.sobatbangun.com/en/our-service]
[www.sobatbangun.com/documents/33314/55289/A8+-+Semua+Yang+Harus+Diketahui+Sebelum+Renovasi+Kamar+Mandi.jpg/A8 - Semua Yang Harus Diketahui Sebelum Renovasi Kamar Mandi82f8.jpg]
[twitter.com/intent/tweet53ce.html]
[www.sobatbangun.com/en/-/semua-yang-harus-diketahui-sebelum-renovasi-kamar-mandi.html]
[www.sobatbangun.com/en/our-service]
[www.sobatbangun.com/en/our-service]
[www.sobatbangun.com/documents/33314/55289/A7+-+10+Tips+Untuk+Renovasi+Rumah+Hemat+Biaya.jpg/A7 - 10 Tips Untuk Renovasi Rumah Hemat Biayacc2e.jpg]
[twitter.com/intent/tweeta73e.html]
[www.sobatbangun.com/en/-/10-tips-untuk-renovasi-rumah-hemat-biaya.html]
[www.sobatbangun.com/en/our-service]
[www.sobatbangun.com/en/our-service]
[www.sobatbangun.com/documents/33314/55289/A6+-+Semua+Yang+Perlu+Diketahui+Tentang+Lantai+Kayu.jpg/A6 - Semua Yang Perlu Diketahui Tentang Lantai Kayu7e78.jpg]
[twitter.com/intent/tweet4cd2.html]
[www.sobatbangun.com/en/-/semua-yang-perlu-diketahui-tentang-lantai-kayu.html]
[www.sobatbangun.com/en/our-service]
[www.sobatbangun.com/en/our-service]
[www.sobatbangun.com/documents/33314/55289/A4+-+Berapa+Lama+Waktu+Merenovasi+Rumah.jpg/A4 - Berapa Lama Waktu Merenovasi Rumahe1a0.jpg]
[twitter.com/intent/tweet1fdc.html]
[www.sobatbangun.com/en/-/berapa-lama-waktu-merenovasi-rumah-.html]
[www.sobatbangun.com/en/our-service]
[www.sobatbangun.com/en/our-service]
[www.sobatbangun.com/documents/33314/55289/A3+-+Panduan+Pemula+Untuk+Izin+Renovasi+Rumah.jpg/A3 - Panduan Pemula Untuk Izin Renovasi Rumahaebc.jpg]
[twitter.com/intent/tweet56a0.html]
[www.sobatbangun.com/en/-/panduan-pemula-untuk-izin-renovasi-rumah.html]
[www.sobatbangun.com/en/our-service]
[www.sobatbangun.com/en/our-service]
[www.sobatbangun.com/documents/33314/55289/A2+-+Mengapa+Membangun+Sesuai+Regulasi+Itu+Penting.jpg/A2 - Mengapa Membangun Sesuai Regulasi Itu Pentingd67a.jpg]
[twitter.com/intent/tweete03c.html]
[www.sobatbangun.com/en/-/mengapa-membangun-sesuai-regulasi-itu-penting.html]
[www.sobatbangun.com/en/our-service]
[www.sobatbangun.com/en/our-service]
[www.sobatbangun.com/documents/33314/55289/RUMAH+LANSIA+540X420.jpg/RUMAH LANSIA 540X420eff5.jpg]
[twitter.com/intent/tweet8cfe.html]
[www.sobatbangun.com/en/-/tips-rumah-ramah-lansia.html]
[www.sobatbangun.com/o/sobatbangun-login-theme/css/aui/lexicon/fonts/alloy-font-awesome/font/fontawesome-alloy.eot]
[www.sobatbangun.com/o/sobatbangun-login-theme/css/aui/lexicon/fonts/alloy-font-awesome/font/fontawesome-alloyd41d.eot]
[www.sobatbangun.com/o/sobatbangun-login-theme/css/aui/lexicon/fonts/alloy-font-awesome/font/fontawesome-alloy.woff]
[www.sobatbangun.com/o/sobatbangun-login-theme/css/aui/lexicon/fonts/alloy-font-awesome/font/fontawesome-alloy.ttf]
[www.sobatbangun.com/o/sobatbangun-login-theme/css/aui/lexicon/fonts/glyphicons-halflings-regular.eot]
[www.sobatbangun.com/o/sobatbangun-login-theme/css/aui/lexicon/fonts/glyphicons-halflings-regulard41d.eot]
[www.sobatbangun.com/o/sobatbangun-login-theme/css/aui/lexicon/fonts/glyphicons-halflings-regular.woff2]
[www.sobatbangun.com/o/sobatbangun-login-theme/css/aui/lexicon/fonts/glyphicons-halflings-regular.woff]
[www.sobatbangun.com/o/sobatbangun-login-theme/css/aui/lexicon/fonts/glyphicons-halflings-regular.ttf]
[www.sobatbangun.com/o/sobatbangun-login-theme/images/aui/loading_indicator.gif]
[www.sobatbangun.com/o/sobatbangun-login-theme/css/aui5653.css]
[www.sobatbangun.com/o/sobatbangun-login-theme/images/aui/common/state_default_bg.png]
[www.sobatbangun.com/o/sobatbangun-login-theme/images/aui/common/state_hover_bg.png]
[www.sobatbangun.com/o/sobatbangun-login-theme/images/aui/common/state_active_bg.png]
[www.sobatbangun.com/o/sobatbangun-login-theme/images/aui/common/state_selected_hover.png]
[www.sobatbangun.com/o/sobatbangun-login-theme/images/aui/icon-button.png]
[www.sobatbangun.com/o/sobatbangun-login-theme/images/aui/icon-checkbox.png]
[www.sobatbangun.com/o/sobatbangun-login-theme/images/aui/icon-date.png]
[www.sobatbangun.com/o/sobatbangun-login-theme/images/aui/icon-decimal.png]
[www.sobatbangun.com/o/sobatbangun-login-theme/images/aui/icon-default.png]
[www.sobatbangun.com/o/sobatbangun-login-theme/images/aui/icon-document.png]
[www.sobatbangun.com/o/sobatbangun-login-theme/images/aui/icon-fieldset.png]
[www.sobatbangun.com/o/sobatbangun-login-theme/images/aui/icon-fileupload.png]
[www.sobatbangun.com/o/sobatbangun-login-theme/images/aui/icon-integer.png]
[www.sobatbangun.com/o/sobatbangun-login-theme/images/aui/icon-number.png]
[www.sobatbangun.com/o/sobatbangun-login-theme/images/aui/icon-paragraph.png]
[www.sobatbangun.com/o/sobatbangun-login-theme/images/aui/icon-password.png]
[www.sobatbangun.com/o/sobatbangun-login-theme/images/aui/icon-radio.png]
[www.sobatbangun.com/o/sobatbangun-login-theme/images/aui/icon-select.png]
[www.sobatbangun.com/o/sobatbangun-login-theme/images/aui/icon-separator.png]
[www.sobatbangun.com/o/sobatbangun-login-theme/images/aui/icon-text.png]
[www.sobatbangun.com/o/sobatbangun-login-theme/images/aui/icon-textarea.png]
[www.sobatbangun.com/o/sobatbangun-login-theme/images/aui/picker_bg.png]
[www.sobatbangun.com/o/sobatbangun-login-theme/images/aui/color_indic.png]
[www.sobatbangun.com/o/sobatbangun-login-theme/images/aui/hue.png]
[www.sobatbangun.com/o/sobatbangun-login-theme/images/aui/select.png]
[www.sobatbangun.com/o/sobatbangun-login-theme/images/emoticons/happy_new_content.gif]
[www.sobatbangun.com/o/sobatbangun-login-theme/images/emoticons/happy_new_content_right.gif]
[www.sobatbangun.com/o/sobatbangun-login-theme/images/emoticons/sad_search_results.gif]
[www.sobatbangun.com/o/frontend-css-web/main4e0b.css]
[www.sobatbangun.com/comboddeb.css]
[www.sobatbangun.com/o/sobatbangun-login-theme/css/fontawesome-5.0.13/fonts/fa-brands-400.eot]
[www.sobatbangun.com/o/sobatbangun-login-theme/css/fontawesome-5.0.13/fonts/fa-brands-400d41d.eot]
[www.sobatbangun.com/o/sobatbangun-login-theme/css/fontawesome-5.0.13/fonts/fa-brands-400.woff2]
[www.sobatbangun.com/o/sobatbangun-login-theme/css/fontawesome-5.0.13/fonts/fa-brands-400.woff]
[www.sobatbangun.com/o/sobatbangun-login-theme/css/fontawesome-5.0.13/fonts/fa-brands-400.ttf]
[www.sobatbangun.com/o/sobatbangun-login-theme/css/fontawesome-5.0.13/fonts/fa-light-300.eot]
[www.sobatbangun.com/o/sobatbangun-login-theme/css/fontawesome-5.0.13/fonts/fa-light-300d41d.eot]
[www.sobatbangun.com/o/sobatbangun-login-theme/css/fontawesome-5.0.13/fonts/fa-light-300.woff2]
[www.sobatbangun.com/o/sobatbangun-login-theme/css/fontawesome-5.0.13/fonts/fa-light-300.woff]
[www.sobatbangun.com/o/sobatbangun-login-theme/css/fontawesome-5.0.13/fonts/fa-light-300.ttf]
[www.sobatbangun.com/o/sobatbangun-login-theme/css/fontawesome-5.0.13/fonts/fa-regular-400.eot]
[www.sobatbangun.com/o/sobatbangun-login-theme/css/fontawesome-5.0.13/fonts/fa-regular-400d41d.eot]
[www.sobatbangun.com/o/sobatbangun-login-theme/css/fontawesome-5.0.13/fonts/fa-regular-400.woff2]
[www.sobatbangun.com/o/sobatbangun-login-theme/css/fontawesome-5.0.13/fonts/fa-regular-400.woff]
[www.sobatbangun.com/o/sobatbangun-login-theme/css/fontawesome-5.0.13/fonts/fa-regular-400.ttf]
[www.sobatbangun.com/o/sobatbangun-login-theme/css/fontawesome-5.0.13/fonts/fa-solid-900.eot]
[www.sobatbangun.com/o/sobatbangun-login-theme/css/fontawesome-5.0.13/fonts/fa-solid-900d41d.eot]
[www.sobatbangun.com/o/sobatbangun-login-theme/css/fontawesome-5.0.13/fonts/fa-solid-900.woff2]
[www.sobatbangun.com/o/sobatbangun-login-theme/css/fontawesome-5.0.13/fonts/fa-solid-900.woff]
[www.sobatbangun.com/o/sobatbangun-login-theme/css/fontawesome-5.0.13/fonts/fa-solid-900.ttf]
[www.sobatbangun.com/o/sobatbangun-login-theme/images/application/handle_sort_vertical.png]
[www.sobatbangun.com/o/sobatbangun-login-theme/images/common/openid.gif]
[www.sobatbangun.com/o/sobatbangun-login-theme/images/application/panel_header_toggler_close.png]
[www.sobatbangun.com/o/sobatbangun-login-theme/images/arrows/05_down.png]
[www.sobatbangun.com/o/sobatbangun-login-theme/images/arrows/05_right.png]
[www.sobatbangun.com/o/sobatbangun-login-theme/images/application/panel_header_toggler_open.png]
[www.sobatbangun.com/o/sobatbangun-login-theme/images/application/panel_header.png]
[www.sobatbangun.com/o/sobatbangun-login-theme/images/application/current_page_hover_bg.png]
[www.sobatbangun.com/o/sobatbangun-login-theme/images/application/current_page_bg.png]
[www.sobatbangun.com/o/sobatbangun-login-theme/images/common/checkerboard.png]
[www.sobatbangun.com/o/sobatbangun-login-theme/images/document_library/preview_left.png]
[www.sobatbangun.com/o/sobatbangun-login-theme/images/document_library/preview_right.png]
[www.sobatbangun.com/o/sobatbangun-login-theme/images/document_library/preview_zoom.png]
[www.sobatbangun.com/o/sobatbangun-login-theme/images/common/add.png]
[www.sobatbangun.com/o/sobatbangun-login-theme/images/common/remove.png]
[www.sobatbangun.com/o/sobatbangun-login-theme/images/common/close.png]
[www.sobatbangun.com/o/sobatbangun-login-theme/images/messages/error.png]
[www.sobatbangun.com/o/sobatbangun-login-theme/images/application/layouts.png]
[www.sobatbangun.com/o/sobatbangun-login-theme/images/calendar/event_indicator.png]
[www.sobatbangun.com/o/sobatbangun-login-theme/images/calendar/event_indicator_current.png]
[www.sobatbangun.com/o/sobatbangun-login-theme/images/diff/minus.png]
[www.sobatbangun.com/o/sobatbangun-login-theme/images/diff/plus.png]
[www.sobatbangun.com/o/sobatbangun-login-theme/images/diff/underline.png]
[www.sobatbangun.com/o/sobatbangun-login-theme/images/application/forbidden_action.png]
[www.sobatbangun.com/o/sobatbangun-login-theme/images/common/edit_white.png]
[www.sobatbangun.com/o/sobatbangun-login-theme/images/message_boards/quoteleft.png]
[www.sobatbangun.com/o/sobatbangun-login-theme/images/message_boards/quoteright.png]
[www.sobatbangun.com/o/sobatbangun-login-theme/images/application/menu_bg.png]
[www.sobatbangun.com/o/sobatbangun-login-theme/images/application/paginator_link_current_bg.png]
[www.sobatbangun.com/o/sobatbangun-login-theme/images/arrows/paging_first.png]
[www.sobatbangun.com/o/sobatbangun-login-theme/images/arrows/paging_previous.png]
[www.sobatbangun.com/o/sobatbangun-login-theme/images/arrows/paging_last.png]
[www.sobatbangun.com/o/sobatbangun-login-theme/images/arrows/paging_next.png]
[www.sobatbangun.com/o/sobatbangun-login-theme/images/application/panel_header_bg.png]
[www.sobatbangun.com/o/sobatbangun-login-theme/images/common/message_panel_shadow.png]
[www.sobatbangun.com/o/sobatbangun-login-theme/images/arrows/04_right.png]
[www.sobatbangun.com/o/sobatbangun-login-theme/images/application/button_bg.png]
[www.sobatbangun.com/o/sobatbangun-login-theme/images/application/button_bg_over.png]
[www.sobatbangun.com/o/sobatbangun-login-theme/images/application/button_bg_selected.png]
[www.sobatbangun.com/o/sobatbangun-login-theme/images/application/button_bg_selected_over.png]
[www.sobatbangun.com/o/sobatbangun-login-theme/images/common/configuration.png]
[www.sobatbangun.com/o/sobatbangun-login-theme/images/common/check.png]
[www.sobatbangun.com/o/sobatbangun-login-theme/images/arrows/12_left.png]
[www.sobatbangun.com/o/sobatbangun-login-theme/images/messages/alert.png]
[www.sobatbangun.com/o/sobatbangun-login-theme/images/messages/info.png]
[www.sobatbangun.com/o/sobatbangun-login-theme/images/portlet/help.png]
[www.sobatbangun.com/o/sobatbangun-login-theme/images/messages/success.png]
[www.sobatbangun.com/o/sobatbangun-login-theme/images/portlet/close_borderless.png]
[www.sobatbangun.com/o/sobatbangun-login-theme/images/common/time.png]
[www.sobatbangun.com/o/sobatbangun-login-theme/images/arrows/07_down.png]
[www.sobatbangun.com/o/sobatbangun-login-theme/css/fonts/fontawesome-webfont3e6e.eot]
[www.sobatbangun.com/o/sobatbangun-login-theme/css/fonts/fontawesome-webfontd41d.eot]
[www.sobatbangun.com/o/sobatbangun-login-theme/css/fonts/fontawesome-webfont3e6e.woff2]
[www.sobatbangun.com/o/sobatbangun-login-theme/css/fonts/fontawesome-webfont3e6e.woff]
[www.sobatbangun.com/o/sobatbangun-login-theme/css/fonts/fontawesome-webfont3e6e.ttf]
[www.sobatbangun.com/o/sobatbangun-login-theme/fonts/montserrat/Montserrat-Light.eot]
[www.sobatbangun.com/o/sobatbangun-login-theme/fonts/montserrat/Montserrat-Lightd41d.eot]
[www.sobatbangun.com/o/sobatbangun-login-theme/fonts/montserrat/Montserrat-Light.woff]
[www.sobatbangun.com/o/sobatbangun-login-theme/fonts/montserrat/Montserrat-Light.ttf]
[www.sobatbangun.com/o/sobatbangun-login-theme/fonts/montserrat/Montserrat-Light.svg]
[www.sobatbangun.com/o/sobatbangun-login-theme/fonts/Montserrat-SemiBold.eot]
[www.sobatbangun.com/o/sobatbangun-login-theme/fonts/Montserrat-SemiBoldd41d.eot]
[www.sobatbangun.com/o/sobatbangun-login-theme/fonts/montserrat/Montserrat-SemiBold.woff]
[www.sobatbangun.com/o/sobatbangun-login-theme/fonts/montserrat/Montserrat-SemiBold.ttf]
[www.sobatbangun.com/o/sobatbangun-login-theme/fonts/montserrat/Montserrat-SemiBold.svg]
[www.sobatbangun.com/o/sobatbangun-login-theme/images/bg_rectangle-dark.jpg]
[www.sobatbangun.com/o/sobatbangun-login-theme/images/icons/pinterest.png]
[www.sobatbangun.com/o/sobatbangun-login-theme/images/icons/tw.png]
[www.sobatbangun.com/o/sobatbangun-login-theme/images/icons/fb.png]
[www.sobatbangun.com/o/sobatbangun-login-theme/css/main5653.css]
[www.sobatbangun.com/en/loginwww.sobatbangun.html]
[www.sobatbangun.com/en/login09b7.html]
[www.sobatbangun.com/en/logina966.html]
[www.sobatbangun.com/en/login03e3.png]
[www.sobatbangun.com/en/c/portal/login2e6d]
[www.sobatbangun.com/en/login26da.html]
[www.sobatbangun.com/en/window.location.html]
[www.sobatbangun.com/o/pre.design.house.web/images/sort_both.png]
[www.sobatbangun.com/o/pre.design.house.web/images/sort_asc.png]
[www.sobatbangun.com/o/pre.design.house.web/images/sort_desc.png]
[www.sobatbangun.com/o/pre.design.house.web/images/sort_asc_disabled.png]
[www.sobatbangun.com/o/pre.design.house.web/images/sort_desc_disabled.png]
[www.sobatbangun.com/o/pre.design.house.web/css/jquery.dataTables.min.css]
[www.sobatbangun.com/en/registrationwww.sobatbangun.html]
[www.sobatbangun.com/o/sobatbangun-login-theme/images/lexicon/icons.svg]
[www.sobatbangun.com/en/our-service]
[www.sobatbangun.com/en/our-service]
[www.sobatbangun.com/en/terms-condition.html]
[www.sobatbangun.com/en/our-service]
[www.sobatbangun.com/en/our-service]
[www.sobatbangun.com/en/kebijakan-privasi.html]
[www.sobatbangun.com/combo7629.css]
[www.sobatbangun.com/o/com.holcim.cp.renovation.web/images/sort_both.png]
[www.sobatbangun.com/o/com.holcim.cp.renovation.web/images/sort_asc.png]
[www.sobatbangun.com/o/com.holcim.cp.renovation.web/images/sort_desc.png]
[www.sobatbangun.com/o/com.holcim.cp.renovation.web/images/sort_asc_disabled.png]
[www.sobatbangun.com/o/com.holcim.cp.renovation.web/images/sort_desc_disabled.png]
[www.sobatbangun.com/o/com.holcim.cp.renovation.web/css/jquery.dataTables.min.css]
[www.sobatbangun.com/comboaadb.css]
[www.sobatbangun.com/en/our-service]
[www.sobatbangun.com/en/our-service.3a7.delayed]
[www.sobatbangun.com/en/blog-detail/-/asset_publisher/99t4MkTPq9F0/index.html]
[www.sobatbangun.com/o/sobatbangun-theme/images/lexicon/icons.svg]
[twitter.com/intent/tweeteef7.html]
[twitter.com/intent/tweet7e84.html]
[twitter.com/intent/tweet4c9b.html]
[twitter.com/intent/tweetcfdb.html]
[twitter.com/intent/tweetafa5.html]
[twitter.com/intent/tweetb642.html]
[twitter.com/intent/tweet2e25.html]
[twitter.com/intent/tweetfeb5.html]
[twitter.com/intent/tweet4cd3.html]
[twitter.com/intent/tweeted11.html]
[twitter.com/intent/tweetaa92.html]
[twitter.com/intent/tweet87e6.html]
[twitter.com/intent/tweetd2c1.html]
[twitter.com/intent/tweetf7bc.html]
[twitter.com/intent/tweet1f0d.html]
[twitter.com/intent/tweet3a2d.html]
[twitter.com/intent/tweet2328.html]
[twitter.com/intent/tweetb99b.html]
[twitter.com/intent/tweet0d6e.html]
[twitter.com/intent/tweet2d6c.html]
[twitter.com/intent/tweetee35.html]
[twitter.com/intent/tweet6d48.html]
[twitter.com/intent/tweet79aa.html]
[twitter.com/intent/tweetadef.html]
[twitter.com/intent/tweet9d33.html]
[twitter.com/intent/tweetb501.html]
[twitter.com/intent/tweet9abd.html]
[twitter.com/intent/tweetb6c7.html]
[twitter.com/intent/tweet0f5f.html]
[twitter.com/intent/tweetea2c.html]
[twitter.com/intent/tweetb37e.html]
[twitter.com/intent/tweet93ae.html]
[twitter.com/intent/tweetc845.html]
[twitter.com/intent/tweet6cdb.html]
[twitter.com/intent/tweet3b93.html]
[twitter.com/intent/tweetd4fd.html]
[twitter.com/intent/tweet922a.html]
[twitter.com/intent/tweetd01f.html]
[twitter.com/intent/tweetc1b5.html]
[twitter.com/intent/tweetec7d.html]
[twitter.com/intent/tweetfc68.html]
[twitter.com/intent/tweeta9f6.html]
[twitter.com/intent/tweet72c3.html]
[twitter.com/intent/tweet26f6.html]
[twitter.com/intent/tweet51cc.html]
[twitter.com/intent/tweet87f0.html]
[twitter.com/intent/tweet1554.html]
[twitter.com/intent/tweet3cd0.html]
[twitter.com/intent/tweet975c.html]
[plus.google.com/up/index8a86.html]
[twitter.com/intent/tweet43a2.html]
[accounts.google.com/ServiceLoginc829.html]
[plus.google.com/up/index2c9d.html]
[twitter.com/intent/tweetd659.html]
[accounts.google.com/ServiceLogin1716.html]
[plus.google.com/up/indexaf14.html]
[twitter.com/intent/tweet37fe.html]
[accounts.google.com/ServiceLoginbb56.html]
[plus.google.com/up/index69ea.html]
[twitter.com/intent/tweetab08.html]
[accounts.google.com/ServiceLoginf34f.html]
[plus.google.com/up/indexb5ca.html]
[twitter.com/intent/tweet63fc.html]
[accounts.google.com/ServiceLoginfbde.html]
[plus.google.com/up/indexb17b.html]
[www.sobatbangun.com/combo2531.css]
[www.sobatbangun.com/combode01.css]
[www.sobatbangun.com/combo3761.css]
[accounts.google.com/ServiceLoginfe83.html]
[www.sobatbangun.com/o/frontend-js-web/everything0735.jsp]
[www.sobatbangun.com/o/sobatbangun-login-theme/js/mainf028.js]
[www.sobatbangun.com/loginbb9f.html]
[www.sobatbangun.com/combo742c.css]
[www.sobatbangun.com/in/browse-home.html]
[www.sobatbangun.com/combo4896.css]
[www.sobatbangun.com/in/solar-panel.html]
[www.sobatbangun.com/in/-/6-tipe-lampu-untuk-rumahmu.html]
[www.sobatbangun.com/in/-/10-tipe-keramik-untuk-digunakan-di-rumah.html]
[www.sobatbangun.com/in/-/03-09-2020.html]
[www.sobatbangun.com/in/-/step-by-step-membangun-custom-home.html]
[www.sobatbangun.com/combocf43.css]
[www.sobatbangun.com/en/belimaterial-detail0e06]
[www.sobatbangun.com/belimaterial-detail7f97.html]
[www.sobatbangun.com/en/belimaterial-detail0e06]
[www.sobatbangun.com/belimaterial-detail29d1.html]
[www.sobatbangun.com/en/belimaterial-detail0e06]
[www.sobatbangun.com/belimaterial-detail0f41.html]
[www.sobatbangun.com/en/belimaterial-detail0e06]
[www.sobatbangun.com/belimaterial-detail3ca9.html]
[www.sobatbangun.com/combo88b1.css]
[www.sobatbangun.com/in/-/semua-yang-harus-diketahui-sebelum-membangun-custom-home.html]
[www.sobatbangun.com/in/-/perkiraan-biaya-renovasi-ruang-keluarga.html]
[www.sobatbangun.com/in/-/perkiraan-biaya-renovasi-dapur.html]
[www.sobatbangun.com/in/-/semua-yang-harus-diketahui-sebelum-renovasi-kamar-mandi.html]
[www.sobatbangun.com/in/-/10-tips-untuk-renovasi-rumah-hemat-biaya.html]
[www.sobatbangun.com/in/-/semua-yang-perlu-diketahui-tentang-lantai-kayu.html]
[www.sobatbangun.com/in/-/berapa-lama-waktu-merenovasi-rumah-.html]
[www.sobatbangun.com/in/-/panduan-pemula-untuk-izin-renovasi-rumah.html]
[www.sobatbangun.com/in/-/mengapa-membangun-sesuai-regulasi-itu-penting.html]
[www.sobatbangun.com/in/-/tips-rumah-ramah-lansia.html]
[www.sobatbangun.com/combo8d3d.css]
[www.sobatbangun.com/home.html]
[www.sobatbangun.com/comboa239.css]
[www.sobatbangun.com/in/blog-detail/-/asset_publisher/99t4MkTPq9F0/index.html]
[www.sobatbangun.com/o/sobatbangun-theme/fonts/b5plain/TheSans-B5Plain.svg]
[www.sobatbangun.com/o/sobatbangun-theme/fonts/b5plain/TheSans-B7Bold.svg]
[www.sobatbangun.com/o/sobatbangun-theme/css/fontawesome-5.0.13/fonts/fa-brands-400.svg]
[www.sobatbangun.com/o/sobatbangun-theme/css/fontawesome-5.0.13/fonts/fa-light-300.svg]
[www.sobatbangun.com/o/sobatbangun-theme/css/fontawesome-5.0.13/fonts/fa-regular-400.svg]
[www.sobatbangun.com/o/sobatbangun-theme/css/fontawesome-5.0.13/fonts/fa-solid-900.svg]
[www.sobatbangun.com/o/sobatbangun-theme/plugins/fontawesome-5.5.0/webfonts/fa-brands-400.svg]
[www.sobatbangun.com/o/sobatbangun-theme/plugins/fontawesome-5.5.0/webfonts/fa-light-300.svg]
[www.sobatbangun.com/o/sobatbangun-theme/plugins/fontawesome-5.5.0/webfonts/fa-regular-400.svg]
[www.sobatbangun.com/o/sobatbangun-theme/plugins/fontawesome-5.5.0/webfonts/fa-solid-900.svg]
[www.sobatbangun.com/o/sobatbangun-theme/plugins/jquery-ui-1.12.1/images/ui-icons_444444_256x240.html]
[www.sobatbangun.com/o/sobatbangun-theme/plugins/jquery-ui-1.12.1/images/ui-icons_555555_256x240.html]
[www.sobatbangun.com/o/sobatbangun-theme/plugins/jquery-ui-1.12.1/images/ui-icons_ffffff_256x240.html]
[www.sobatbangun.com/o/sobatbangun-theme/plugins/jquery-ui-1.12.1/images/ui-icons_777620_256x240.html]
[www.sobatbangun.com/o/sobatbangun-theme/plugins/jquery-ui-1.12.1/images/ui-icons_cc0000_256x240.html]
[www.sobatbangun.com/o/sobatbangun-theme/plugins/jquery-ui-1.12.1/images/ui-icons_777777_256x240.html]
[www.sobatbangun.com/o/sobatbangun-theme/plugins/owl-carousel-2.2.1/owl.video.play.html]
[www.sobatbangun.com/en/login1b19.html]
[www.sobatbangun.com/en/logind65e.html]
[www.sobatbangun.com/en/login1c7c.html]
[www.sobatbangun.com/en/login0ca4.html]
[www.sobatbangun.com/o/pre.design.house.web/css/ion.rangeSlider.min.css]
[www.sobatbangun.com/comboec55.css]
[twitter.com/intent/tweetcfb9.html]
[plus.google.com/up/indexd64b.html]
[twitter.com/intent/tweet079a.html]
[accounts.google.com/ServiceLogindaea.html]
[plus.google.com/up/index86fe.html]
[twitter.com/intent/tweetf4fb.html]
[accounts.google.com/ServiceLoginc373.html]
[plus.google.com/up/indexa60e.html]
[twitter.com/intent/tweet8161.html]
[accounts.google.com/ServiceLogincc90.html]
[plus.google.com/up/index5bb7.html]
[accounts.google.com/ServiceLogin8018.html]
[www.sobatbangun.com/en/belimaterial-detail0e06]
[www.sobatbangun.com/o/com.holcim.cp.buymaterial.web/images/no_image.png]
[www.sobatbangun.com/en/belimaterial-detailcfe7.html]
[twitter.com/intent/tweet93e0.html]
[plus.google.com/up/index8b50.html]
[twitter.com/intent/tweet2724.html]
[accounts.google.com/ServiceLogin0c28.html]
[plus.google.com/up/indexddd8.html]
[twitter.com/intent/tweete1f8.html]
[accounts.google.com/ServiceLogina25b.html]
[plus.google.com/up/index3ebf.html]
[twitter.com/intent/tweet53ce.html]
[accounts.google.com/ServiceLogin681c.html]
[plus.google.com/up/index393a.html]
[twitter.com/intent/tweeta73e.html]
[accounts.google.com/ServiceLogin2c32.html]
[plus.google.com/up/index996e.html]
[twitter.com/intent/tweet4cd2.html]
[accounts.google.com/ServiceLogind1a7.html]
[plus.google.com/up/index1021.html]
[twitter.com/intent/tweet1fdc.html]
[accounts.google.com/ServiceLogin4e5d.html]
[plus.google.com/up/index0773.html]
[twitter.com/intent/tweet56a0.html]
[accounts.google.com/ServiceLogin8f7f.html]
[plus.google.com/up/indexc7b9.html]
[twitter.com/intent/tweete03c.html]
[accounts.google.com/ServiceLogin34df.html]
[plus.google.com/up/index7024.html]
[twitter.com/intent/tweet8cfe.html]
[accounts.google.com/ServiceLogin3511.html]
[plus.google.com/up/index8c9c.html]
[www.sobatbangun.com/o/sobatbangun-login-theme/css/aui/lexicon/fonts/alloy-font-awesome/font/fontawesome-alloy.svg]
[www.sobatbangun.com/o/sobatbangun-login-theme/css/aui/lexicon/fonts/glyphicons-halflings-regular.svg]
[www.sobatbangun.com/o/sobatbangun-login-theme/css/fontawesome-5.0.13/fonts/fa-brands-400.svg]
[www.sobatbangun.com/o/sobatbangun-login-theme/css/fontawesome-5.0.13/fonts/fa-light-300.svg]
[www.sobatbangun.com/o/sobatbangun-login-theme/css/fontawesome-5.0.13/fonts/fa-regular-400.svg]
[www.sobatbangun.com/o/sobatbangun-login-theme/css/fontawesome-5.0.13/fonts/fa-solid-900.svg]
[www.sobatbangun.com/o/sobatbangun-login-theme/css/fonts/fontawesome-webfont3e6e.svg]
[www.sobatbangun.com/o/sobatbangun-login-theme/fonts/montserrat/Montserrat-Light.html]
[www.sobatbangun.com/o/sobatbangun-login-theme/fonts/montserrat/Montserrat-Lightd41d.html]
[www.sobatbangun.com/o/sobatbangun-login-theme/fonts/montserrat/Montserrat-Light-2.html]
[www.sobatbangun.com/o/sobatbangun-login-theme/fonts/montserrat/Montserrat-Light-3.html]
[www.sobatbangun.com/o/sobatbangun-login-theme/fonts/Montserrat-SemiBold.html]
[www.sobatbangun.com/o/sobatbangun-login-theme/fonts/Montserrat-SemiBoldd41d.html]
[www.sobatbangun.com/o/sobatbangun-login-theme/fonts/montserrat/Montserrat-SemiBold.html]
[www.sobatbangun.com/o/sobatbangun-login-theme/fonts/montserrat/Montserrat-SemiBold-2.html]
[www.sobatbangun.com/o/sobatbangun-login-theme/images/icons/ic_flag_ind.svg]
[www.sobatbangun.com/o/sobatbangun-login-theme/images/icons/ic_flag_eng.svg]
[www.sobatbangun.com/o/sobatbangun-login-theme/images/checklist.svg]
[accounts.google.com/ServiceLogin6166.html]
[www.sobatbangun.com/en/login09b7.html]
[www.sobatbangun.com/en/loginfeee.html]
[www.sobatbangun.com/en/logina966.html]
[www.sobatbangun.com/en/login7016.html]
[www.sobatbangun.com/combo555f.css]
[www.sobatbangun.com/combod96d.css]
[www.sobatbangun.com/blog-detail/-/asset_publisher/99t4MkTPq9F0/index.html]
[twitter.com/intent/tweet.html]
[twitter.com/intent/tweetd6cc.html]
[twitter.com/intent/tweet1f03.html]
[twitter.com/intent/tweetbbc9.html]
[twitter.com/intent/tweeta35d.html]
[twitter.com/intent/tweet7b3f.html]
[twitter.com/intent/tweetc423.html]
[twitter.com/intent/tweet3322.html]
[twitter.com/intent/tweet4bed.html]
[twitter.com/intent/tweet9ed2.html]
[twitter.com/intent/tweeta4c9.html]
[twitter.com/intent/tweetc69a.html]
[twitter.com/intent/tweetad9c.html]
[twitter.com/intent/tweete6ac.html]
[twitter.com/intent/tweet5720.html]
[twitter.com/intent/tweet9ff7.html]
[twitter.com/intent/tweete68f.html]
[twitter.com/intent/tweet5242.html]
[twitter.com/intent/tweet4240.html]
[twitter.com/intent/tweet7d5b.html]
[twitter.com/intent/tweet64f4.html]
[twitter.com/intent/tweetef8e.html]
[twitter.com/intent/tweet1ebe.html]
[twitter.com/intent/tweeta30c.html]
[twitter.com/intent/tweet9bb4.html]
[twitter.com/intent/tweetcf53.html]
[twitter.com/intent/tweetc9e6.html]
[twitter.com/intent/tweet21c9.html]
[twitter.com/intent/tweet7542.html]
[twitter.com/intent/tweetc203.html]
[twitter.com/intent/tweet99dc.html]
[twitter.com/intent/tweet2bc7.html]
[twitter.com/intent/tweetcdb1.html]
[twitter.com/intent/tweet6bf8.html]
[twitter.com/intent/tweet923c.html]
[twitter.com/intent/tweet0b5e.html]
[twitter.com/intent/tweet2139.html]
[twitter.com/intent/tweet08c7.html]
[twitter.com/intent/tweet6e27.html]
[twitter.com/intent/tweet9e93.html]
[twitter.com/intent/tweet880d.html]
[twitter.com/intent/tweetcc5a.html]
[twitter.com/intent/tweet2296.html]
[twitter.com/intent/tweet9277.html]
[twitter.com/intent/tweetadd9.html]
[twitter.com/intent/tweete034.html]
[twitter.com/intent/tweet3454.html]
[twitter.com/intent/tweeteef7.html]
[twitter.com/intent/tweet7e84.html]
[twitter.com/intent/tweet4c9b.html]
[twitter.com/intent/tweetcfdb.html]
[twitter.com/intent/tweetafa5.html]
[twitter.com/intent/tweetb642.html]
[twitter.com/intent/tweet2e25.html]
[twitter.com/intent/tweetfeb5.html]
[twitter.com/intent/tweet4cd3.html]
[twitter.com/intent/tweeted11.html]
[twitter.com/intent/tweet42d0.html]
[twitter.com/intent/tweetaa92.html]
[twitter.com/intent/tweet87e6.html]
[twitter.com/intent/tweetd2c1.html]
[twitter.com/intent/tweetf7bc.html]
[twitter.com/intent/tweet1f0d.html]
[twitter.com/intent/tweet3a2d.html]
[twitter.com/intent/tweet2328.html]
[twitter.com/intent/tweetb99b.html]
[twitter.com/intent/tweet0d6e.html]
[twitter.com/intent/tweet2d6c.html]
[twitter.com/intent/tweetee35.html]
[twitter.com/intent/tweet6d48.html]
[twitter.com/intent/tweet79aa.html]
[twitter.com/intent/tweetadef.html]
[twitter.com/intent/tweet9d33.html]
[twitter.com/intent/tweetb501.html]
[twitter.com/intent/tweet9abd.html]
[twitter.com/intent/tweetb6c7.html]
[twitter.com/intent/tweet0f5f.html]
[twitter.com/intent/tweetea2c.html]
[twitter.com/intent/tweetb37e.html]
[twitter.com/intent/tweet93ae.html]
[twitter.com/intent/tweetc845.html]
[twitter.com/intent/tweet6cdb.html]
[twitter.com/intent/tweet3b93.html]
[twitter.com/intent/tweetd4fd.html]
[twitter.com/intent/tweet922a.html]
[twitter.com/intent/tweetd01f.html]
[twitter.com/intent/tweetc1b5.html]
[twitter.com/intent/tweetec7d.html]
[twitter.com/intent/tweetfc68.html]
[twitter.com/intent/tweeta9f6.html]
[twitter.com/intent/tweet72c3.html]
[twitter.com/intent/tweet26f6.html]
[twitter.com/intent/tweet51cc.html]
[twitter.com/intent/tweet87f0.html]
[twitter.com/intent/tweet1554.html]
[twitter.com/intent/tweet62b1.html]
[twitter.com/intent/tweet975c.html]
[twitter.com/intent/tweet16e6.html]
[accounts.google.com/AccountChooser.4a1.delayed]
[accounts.google.com/signin/usernamerecovery0cf2.html]
[accounts.google.com/ServiceLogina966.html]
[accounts.google.com/TOS.4a4c7d4.delayed]
[accounts.google.com/SignUpb407.html]
[accounts.google.com/TOS.4a58e05.delayed]
[accounts.google.com/POST.4a6.delayed]
[accounts.google.com/GET.4a7.delayed]
[accounts.google.com/ServiceLoginc829.html]
[accounts.google.com/ServiceLogin1716.html]
[accounts.google.com/ServiceLoginbb56.html]
[accounts.google.com/ServiceLoginf34f.html]
[accounts.google.com/ServiceLoginfbde.html]
[accounts.google.com/ServiceLoginfe83.html]
[www.sobatbangun.com/o/sobatbangun-login-theme/css/aui3ab0.css]
[www.sobatbangun.com/o/frontend-css-web/main8ea8.css]
[www.sobatbangun.com/combocc34.css]
[www.sobatbangun.com/o/sobatbangun-login-theme/css/main3ab0.css]
[www.sobatbangun.com/combo076c.css]
[www.sobatbangun.com/en/logind65e.html]
[www.sobatbangun.com/en/login6e1c.html]
[www.sobatbangun.com/en/login0ca4.html]
[www.sobatbangun.com/en/login448d.html]
[accounts.google.com/ServiceLogindaea.html]
[accounts.google.com/ServiceLoginc373.html]
[accounts.google.com/ServiceLogincc90.html]
[accounts.google.com/ServiceLogin8018.html]
[accounts.google.com/ServiceLogin0c28.html]
[accounts.google.com/ServiceLogina25b.html]
[accounts.google.com/ServiceLogin681c.html]
[accounts.google.com/ServiceLogin2c32.html]
[accounts.google.com/ServiceLogind1a7.html]
[accounts.google.com/ServiceLogin4e5d.html]
[accounts.google.com/ServiceLogin8f7f.html]
[accounts.google.com/ServiceLogin34df.html]
[accounts.google.com/ServiceLogin3511.html]
[accounts.google.com/ServiceLogin6166.html]
[www.sobatbangun.com/en/loginfeee.html]
[www.sobatbangun.com/en/login8f86.html]
[www.sobatbangun.com/en/login7016.html]
[www.sobatbangun.com/en/login1fc3.html]
[twitter.com/intent/tweet.html]
[twitter.com/intent/tweetd6cc.html]
[twitter.com/intent/tweet1f03.html]
[twitter.com/intent/tweetbbc9.html]
[twitter.com/intent/tweeta35d.html]
[twitter.com/intent/tweet7b3f.html]
[twitter.com/intent/tweetc423.html]
[twitter.com/intent/tweet3322.html]
[twitter.com/intent/tweet4bed.html]
[twitter.com/intent/tweet9ed2.html]
[twitter.com/intent/tweeta4c9.html]
[twitter.com/intent/tweetc69a.html]
[twitter.com/intent/tweetad9c.html]
[twitter.com/intent/tweete6ac.html]
[twitter.com/intent/tweet5720.html]
[twitter.com/intent/tweet9ff7.html]
[twitter.com/intent/tweete68f.html]
[twitter.com/intent/tweet5242.html]
[twitter.com/intent/tweet4240.html]
[twitter.com/intent/tweet7d5b.html]
[twitter.com/intent/tweet64f4.html]
[twitter.com/intent/tweetef8e.html]
[twitter.com/intent/tweet1ebe.html]
[twitter.com/intent/tweeta30c.html]
[twitter.com/intent/tweet9bb4.html]
[twitter.com/intent/tweetcf53.html]
[twitter.com/intent/tweetc9e6.html]
[twitter.com/intent/tweet21c9.html]
[twitter.com/intent/tweet7542.html]
[twitter.com/intent/tweetc203.html]
[twitter.com/intent/tweet99dc.html]
[twitter.com/intent/tweet2bc7.html]
[twitter.com/intent/tweetcdb1.html]
[twitter.com/intent/tweet6bf8.html]
[twitter.com/intent/tweet923c.html]
[twitter.com/intent/tweet0b5e.html]
[twitter.com/intent/tweet2139.html]
[twitter.com/intent/tweet08c7.html]
[twitter.com/intent/tweet6e27.html]
[twitter.com/intent/tweet9e93.html]
[twitter.com/intent/tweet880d.html]
[twitter.com/intent/tweetcc5a.html]
[twitter.com/intent/tweet2296.html]
[twitter.com/intent/tweet9277.html]
[twitter.com/intent/tweetadd9.html]
[twitter.com/intent/tweete034.html]
[twitter.com/intent/tweet3454.html]
[twitter.com/intent/tweet42d0.html]
[twitter.com/intent/tweet62b1.html]
[twitter.com/intent/tweet16e6.html]
[accounts.google.com/signin/usernamerecovery0cf2.html]
[accounts.google.com/AccountChooser.4e484bb.delayed]
[accounts.google.com/ServiceLogina966.html]
[accounts.google.com/+/index.html]
[accounts.google.com/ServiceLogin0b02.html]
[accounts.google.com/SignUpb407.html]
[accounts.google.com/POST.html]
[accounts.google.com/GET.html]
[accounts.google.com/signin/recoveryb407.html]
[accounts.google.com/SignUp0cf2.html]
[accounts.google.com/SignUpWithoutGmail435b.html]
[www.sobatbangun.com/en/login6e1c.html]
[www.sobatbangun.com/en/logina90f.html]
[www.sobatbangun.com/en/login448d.html]
[www.sobatbangun.com/en/loginc77a.html]
[www.sobatbangun.com/en/login8f86.html]
[www.sobatbangun.com/en/login2771.html]
[www.sobatbangun.com/en/login1fc3.html]
[www.sobatbangun.com/en/logine743.html]
[accounts.google.com/ServiceLogin3ab9.html]
[accounts.google.com/SignUp0cf2.html]
[accounts.google.com/+/index.html]
[accounts.google.com/SignUpWithoutGmail98ca.html]
[accounts.google.com/AccountChooser.5080b02.delayed]
[accounts.google.com/signin/usernamerecoveryfbcf.html]
[accounts.google.com/ServiceLogin0b02.html]
[accounts.google.com/ServiceLoginb8f8.html]
[accounts.google.com/SignUpWithoutGmail435b.html]
[accounts.google.com/signin/recoveryb407.html]
[accounts.google.com/SignUpWithoutGmail0cf2.html]
[accounts.google.com/SignUp435b.html]
[www.sobatbangun.com/en/logina90f.html]
[www.sobatbangun.com/en/loginc7f0.html]
[www.sobatbangun.com/en/loginc77a.html]
[www.sobatbangun.com/en/loginf0d5.html]
[www.sobatbangun.com/en/login2771.html]
[www.sobatbangun.com/en/login0d21.html]
[www.sobatbangun.com/en/logine743.html]
[www.sobatbangun.com/en/loginb32b.html]
[accounts.google.com/AccountChooser.5273ab9.delayed]
[accounts.google.com/ServiceLogin3ab9.html]
[accounts.google.com/SignUpWithoutGmail98ca.html]
[accounts.google.com/signin/usernamerecoveryfbcf.html]
[accounts.google.com/AccountChooser.530cd16.delayed]
[accounts.google.com/ServiceLoginb8f8.html]
[accounts.google.com/SignUp98ca.html]
[accounts.google.com/ServiceLogin8167.html]
[accounts.google.com/SignUpWithoutGmail0cf2.html]
[accounts.google.com/SignUp435b.html]
[accounts.google.com/SignUp3fef.html]
[www.sobatbangun.com/en/loginc7f0.html]
[www.sobatbangun.com/en/login0c0b.html]
[www.sobatbangun.com/en/loginf0d5.html]
[www.sobatbangun.com/en/logincde2.html]
[www.sobatbangun.com/en/login0d21.html]
[www.sobatbangun.com/en/login4276.html]
[www.sobatbangun.com/en/loginb32b.html]
[www.sobatbangun.com/en/login1df7.html]
[accounts.google.com/SignUp98ca.html]
[accounts.google.com/AccountChooser.5528167.delayed]
[accounts.google.com/ServiceLogin8167.html]
[accounts.google.com/SignUp3fef.html]
[accounts.google.com/SignUpWithoutGmail3fef.html]
[www.sobatbangun.com/en/login0c0b.html]
[www.sobatbangun.com/en/login66dc.html]
[www.sobatbangun.com/en/logincde2.html]
[www.sobatbangun.com/en/login149c.html]
[www.sobatbangun.com/en/login4276.html]
[www.sobatbangun.com/en/loginb72f.html]
[www.sobatbangun.com/en/login1df7.html]
[www.sobatbangun.com/en/logina5bf.html]
[accounts.google.com/SignUpWithoutGmail3fef.html]
[www.sobatbangun.com/en/login66dc.html]
[www.sobatbangun.com/en/login66cb.html]
[www.sobatbangun.com/en/login149c.html]
[www.sobatbangun.com/en/login6524.html]
[www.sobatbangun.com/en/loginb72f.html]
[www.sobatbangun.com/en/login5720.html]
[www.sobatbangun.com/en/logina5bf.html]
[www.sobatbangun.com/en/login8976.html]
[www.sobatbangun.com/en/login66cb.html]
[www.sobatbangun.com/en/loginbfa4.html]
[www.sobatbangun.com/en/login6524.html]
[www.sobatbangun.com/en/login8565.html]
[www.sobatbangun.com/en/login5720.html]
[www.sobatbangun.com/en/loginc18f.html]
[www.sobatbangun.com/en/login8976.html]
[www.sobatbangun.com/en/login3923.html]
[www.sobatbangun.com/en/loginbfa4.html]
[www.sobatbangun.com/en/login3c00.html]
[www.sobatbangun.com/en/login8565.html]
[www.sobatbangun.com/en/logine151.html]
[www.sobatbangun.com/en/loginc18f.html]
[www.sobatbangun.com/en/login8b3a.html]
[www.sobatbangun.com/en/login3923.html]
[www.sobatbangun.com/en/login62c0.html]
[www.sobatbangun.com/en/login3c00.html]
[www.sobatbangun.com/en/login9992.html]
[www.sobatbangun.com/en/logine151.html]
[www.sobatbangun.com/en/login9244.html]
[www.sobatbangun.com/en/login8b3a.html]
[www.sobatbangun.com/en/login6a5d.html]
[www.sobatbangun.com/en/login62c0.html]
[www.sobatbangun.com/en/loginc76a.html]
[www.sobatbangun.com/en/login9992.html]
[www.sobatbangun.com/en/login9fa5.html]
[www.sobatbangun.com/en/login9244.html]
[www.sobatbangun.com/en/login903b.html]
[www.sobatbangun.com/en/login6a5d.html]
[www.sobatbangun.com/en/login783b.html]
[www.sobatbangun.com/en/loginc76a.html]
[www.sobatbangun.com/en/login6b08.html]
[www.sobatbangun.com/en/login9fa5.html]
[www.sobatbangun.com/en/login567b.html]
[www.sobatbangun.com/en/login903b.html]
[www.sobatbangun.com/en/login76f8.html]
[www.sobatbangun.com/en/login783b.html]
[www.sobatbangun.com/en/login7252.html]
[www.sobatbangun.com/en/login6b08.html]
[www.sobatbangun.com/en/loginf4fe.html]
[www.sobatbangun.com/en/login567b.html]
[www.sobatbangun.com/en/login97dc.html]
[www.sobatbangun.com/en/login76f8.html]
[www.sobatbangun.com/en/login8e3a.html]
[www.sobatbangun.com/en/login7252.html]
[www.sobatbangun.com/en/login4197.html]
[www.sobatbangun.com/en/loginf4fe.html]
[www.sobatbangun.com/en/logina2f8.html]
[www.sobatbangun.com/en/login97dc.html]
[www.sobatbangun.com/en/login902e.html]
[www.sobatbangun.com/en/login8e3a.html]
[www.sobatbangun.com/en/loginc66b.html]
[www.sobatbangun.com/en/login4197.html]
[www.sobatbangun.com/en/login67b7.html]
[www.sobatbangun.com/en/logina2f8.html]
[www.sobatbangun.com/en/login792d.html]
[www.sobatbangun.com/en/login902e.html]
[www.sobatbangun.com/en/login55ac.html]
[www.sobatbangun.com/en/loginc66b.html]
[www.sobatbangun.com/en/login0947.html]
[www.sobatbangun.com/en/login67b7.html]
[www.sobatbangun.com/en/login6758.html]
[www.sobatbangun.com/en/login792d.html]
[www.sobatbangun.com/en/login8ad1.html]
[www.sobatbangun.com/en/login55ac.html]
[www.sobatbangun.com/en/login5a2b.html]
[www.sobatbangun.com/en/login0947.html]
[www.sobatbangun.com/en/login3c65.html]
[www.sobatbangun.com/en/login6758.html]
[www.sobatbangun.com/en/login0acd.html]
[www.sobatbangun.com/en/login8ad1.html]
[www.sobatbangun.com/en/login35c1.html]
[www.sobatbangun.com/en/login5a2b.html]
[www.sobatbangun.com/en/loginf5a7.html]
[www.sobatbangun.com/en/login3c65.html]
[www.sobatbangun.com/en/logine3c6.html]
[www.sobatbangun.com/en/login0acd.html]
[www.sobatbangun.com/en/login3824.html]
[www.sobatbangun.com/en/login35c1.html]
[www.sobatbangun.com/en/login9378.html]
[www.sobatbangun.com/en/loginf5a7.html]
[www.sobatbangun.com/en/loginfb80.html]
[www.sobatbangun.com/en/logine3c6.html]
[www.sobatbangun.com/en/login69e2.html]
[www.sobatbangun.com/en/login3824.html]
[www.sobatbangun.com/en/logineb41.html]
[www.sobatbangun.com/en/login9378.html]
[www.sobatbangun.com/en/loginb9b7.html]
[www.sobatbangun.com/en/loginfb80.html]
[www.sobatbangun.com/en/loginef58.html]
[www.sobatbangun.com/en/login69e2.html]
[www.sobatbangun.com/en/login53b9.html]
[www.sobatbangun.com/en/logineb41.html]
[www.sobatbangun.com/en/login3aa7.html]
[www.sobatbangun.com/en/loginb9b7.html]
[www.sobatbangun.com/en/login59fb.html]
[www.sobatbangun.com/en/loginef58.html]
[www.sobatbangun.com/en/loginc9b3.html]
[www.sobatbangun.com/en/login53b9.html]
[www.sobatbangun.com/en/loginc840.html]
[www.sobatbangun.com/en/login3aa7.html]
[www.sobatbangun.com/en/login31cf.html]
[www.sobatbangun.com/en/login59fb.html]
[www.sobatbangun.com/en/login7e1f.html]
[www.sobatbangun.com/en/loginc9b3.html]
[www.sobatbangun.com/en/loginbcaf.html]
[www.sobatbangun.com/en/loginc840.html]
[www.sobatbangun.com/en/loginc213.html]
[www.sobatbangun.com/en/login31cf.html]
[www.sobatbangun.com/en/loginbe44.html]
[www.sobatbangun.com/en/login7e1f.html]
[www.sobatbangun.com/en/login5d08.html]
[www.sobatbangun.com/en/loginbcaf.html]
[www.sobatbangun.com/en/loginf47e.html]
[www.sobatbangun.com/en/loginc213.html]
[www.sobatbangun.com/en/logine38c.html]
[www.sobatbangun.com/en/loginbe44.html]
[www.sobatbangun.com/en/login47cc.html]
[www.sobatbangun.com/en/login5d08.html]
[www.sobatbangun.com/en/loginc1ef.html]
[www.sobatbangun.com/en/loginf47e.html]
[www.sobatbangun.com/en/login1838.html]
[www.sobatbangun.com/en/logine38c.html]
[www.sobatbangun.com/en/login8b02.html]
[www.sobatbangun.com/en/login47cc.html]
[www.sobatbangun.com/en/logineef3.html]
[www.sobatbangun.com/en/loginc1ef.html]
[www.sobatbangun.com/en/loginbdfd.html]
[www.sobatbangun.com/en/login1838.html]
[www.sobatbangun.com/en/loginff54.html]
[www.sobatbangun.com/en/login8b02.html]
[www.sobatbangun.com/en/login127d.html]
[www.sobatbangun.com/en/logineef3.html]
[www.sobatbangun.com/en/loginfeb1.html]
[www.sobatbangun.com/en/loginbdfd.html]
[www.sobatbangun.com/en/loginc183.html]
[www.sobatbangun.com/en/loginff54.html]
[www.sobatbangun.com/en/login9166.html]
[www.sobatbangun.com/en/login127d.html]
[www.sobatbangun.com/en/login7e8d.html]
[www.sobatbangun.com/en/loginfeb1.html]
[www.sobatbangun.com/en/loginda2b.html]
[www.sobatbangun.com/en/loginc183.html]
[www.sobatbangun.com/en/login9166.html]
[www.sobatbangun.com/en/login3b85.html]
[www.sobatbangun.com/en/login7e8d.html]
[www.sobatbangun.com/en/loginae64.html]
[www.sobatbangun.com/en/loginda2b.html]
[www.sobatbangun.com/en/login9820.html]
[www.sobatbangun.com/en/login3b85.html]
[www.sobatbangun.com/en/login144c.html]
[www.sobatbangun.com/en/loginae64.html]
[www.sobatbangun.com/en/login8d82.html]
[www.sobatbangun.com/en/login9820.html]
[www.sobatbangun.com/en/login4c8c.html]
[www.sobatbangun.com/en/login144c.html]
[www.sobatbangun.com/en/loginb772.html]
[www.sobatbangun.com/en/login8d82.html]
[www.sobatbangun.com/en/login2fce.html]
[www.sobatbangun.com/en/login4c8c.html]
[www.sobatbangun.com/en/login5f9a.html]
[www.sobatbangun.com/en/loginb772.html]
[www.sobatbangun.com/en/loginc36d.html]
[www.sobatbangun.com/en/login2fce.html]
[www.sobatbangun.com/en/loginba5c.html]
[www.sobatbangun.com/en/login5f9a.html]
[www.sobatbangun.com/en/loginfdf9.html]
[www.sobatbangun.com/en/loginc36d.html]
[www.sobatbangun.com/en/login3dde.html]
[www.sobatbangun.com/en/loginba5c.html]
[www.sobatbangun.com/en/loginfc78.html]
[www.sobatbangun.com/en/loginfdf9.html]
[www.sobatbangun.com/en/login4284.html]
[www.sobatbangun.com/en/login3dde.html]
[www.sobatbangun.com/en/login63c9.html]
[www.sobatbangun.com/en/loginfc78.html]
[www.sobatbangun.com/en/login4284.html]
[www.sobatbangun.com/en/login1785.html]
[www.sobatbangun.com/en/login63c9.html]
[www.sobatbangun.com/en/logina067.html]
[www.sobatbangun.com/en/login1785.html]
[www.sobatbangun.com/en/loginca7c.html]
[www.sobatbangun.com/en/logina067.html]
[www.sobatbangun.com/en/loginca7c.html]
